Token indices sequence length is longer than the specified maximum sequence length for this model (1907 > 1024). Running this sequence through the model will result in indexing errors
{"documents": 1000, "event": "tokenize_progress", "tokens": 331853}
{"active_rows": 17772, "documents": 8816, "event": "corpus_ready", "selected_rows": 13329, "selection": "frequency", "tokens": 500000, "train_tokens": 450000, "validation_tokens": 50000}
Loading weights:   0%|          | 0/148 [00:00<?, ?it/s]Loading weights: 100%|██████████| 148/148 [00:00<00:00, 3533.39it/s]
`loss_type=None` was set in the config but it is unrecognized. Using the default loss: `ForCausalLMLoss`.
{"elapsed_seconds": 1.05, "event": "train_progress", "loss": 9.707953453063965, "mean_recent": 9.707953453063965, "step": 1, "steps": 200}
{"elapsed_seconds": 21.991, "event": "train_progress", "loss": 9.598129272460938, "mean_recent": 9.795565938949585, "step": 20, "steps": 200}
{"elapsed_seconds": 44.42, "event": "train_progress", "loss": 10.725211143493652, "mean_recent": 10.09084448814392, "step": 40, "steps": 200}
{"elapsed_seconds": 66.971, "event": "train_progress", "loss": 10.607830047607422, "mean_recent": 10.031951093673706, "step": 60, "steps": 200}
{"elapsed_seconds": 89.427, "event": "train_progress", "loss": 9.8990478515625, "mean_recent": 9.698429155349732, "step": 80, "steps": 200}
{"elapsed_seconds": 112.061, "event": "train_progress", "loss": 9.522302627563477, "mean_recent": 9.862855386734008, "step": 100, "steps": 200}
{"elapsed_seconds": 132.227, "event": "train_progress", "loss": 9.438896179199219, "mean_recent": 9.583303928375244, "step": 120, "steps": 200}
{"elapsed_seconds": 151.322, "event": "train_progress", "loss": 9.948105812072754, "mean_recent": 9.476170349121094, "step": 140, "steps": 200}
{"elapsed_seconds": 170.878, "event": "train_progress", "loss": 9.060165405273438, "mean_recent": 9.284467458724976, "step": 160, "steps": 200}
{"elapsed_seconds": 190.457, "event": "train_progress", "loss": 8.511848449707031, "mean_recent": 9.23881025314331, "step": 180, "steps": 200}
{"elapsed_seconds": 210.29, "event": "train_progress", "loss": 9.608047485351562, "mean_recent": 9.116265106201173, "step": 200, "steps": 200}
{"completed": 512, "elapsed_seconds": 0.133, "event": "orbit_search_progress", "label": "trained-to-public", "total": 50257}
{"completed": 1024, "elapsed_seconds": 0.262, "event": "orbit_search_progress", "label": "trained-to-public", "total": 50257}
{"completed": 1536, "elapsed_seconds": 0.418, "event": "orbit_search_progress", "label": "trained-to-public", "total": 50257}
{"completed": 2048, "elapsed_seconds": 1.33, "event": "orbit_search_progress", "label": "trained-to-public", "total": 50257}
{"completed": 2560, "elapsed_seconds": 1.459, "event": "orbit_search_progress", "label": "trained-to-public", "total": 50257}
{"completed": 3072, "elapsed_seconds": 1.601, "event": "orbit_search_progress", "label": "trained-to-public", "total": 50257}
{"completed": 3584, "elapsed_seconds": 1.731, "event": "orbit_search_progress", "label": "trained-to-public", "total": 50257}
{"completed": 4096, "elapsed_seconds": 1.862, "event": "orbit_search_progress", "label": "trained-to-public", "total": 50257}
{"completed": 4608, "elapsed_seconds": 1.993, "event": "orbit_search_progress", "label": "trained-to-public", "total": 50257}
{"completed": 5120, "elapsed_seconds": 2.124, "event": "orbit_search_progress", "label": "trained-to-public", "total": 50257}
{"completed": 5632, "elapsed_seconds": 2.253, "event": "orbit_search_progress", "label": "trained-to-public", "total": 50257}
{"completed": 6144, "elapsed_seconds": 2.385, "event": "orbit_search_progress", "label": "trained-to-public", "total": 50257}
{"completed": 6656, "elapsed_seconds": 2.558, "event": "orbit_search_progress", "label": "trained-to-public", "total": 50257}
{"completed": 7168, "elapsed_seconds": 2.687, "event": "orbit_search_progress", "label": "trained-to-public", "total": 50257}
{"completed": 7680, "elapsed_seconds": 2.816, "event": "orbit_search_progress", "label": "trained-to-public", "total": 50257}
{"completed": 8192, "elapsed_seconds": 2.945, "event": "orbit_search_progress", "label": "trained-to-public", "total": 50257}
{"completed": 8704, "elapsed_seconds": 3.074, "event": "orbit_search_progress", "label": "trained-to-public", "total": 50257}
{"completed": 9216, "elapsed_seconds": 3.203, "event": "orbit_search_progress", "label": "trained-to-public", "total": 50257}
{"completed": 9728, "elapsed_seconds": 3.622, "event": "orbit_search_progress", "label": "trained-to-public", "total": 50257}
{"completed": 10240, "elapsed_seconds": 4.363, "event": "orbit_search_progress", "label": "trained-to-public", "total": 50257}
{"completed": 10752, "elapsed_seconds": 4.491, "event": "orbit_search_progress", "label": "trained-to-public", "total": 50257}
{"completed": 11264, "elapsed_seconds": 4.632, "event": "orbit_search_progress", "label": "trained-to-public", "total": 50257}
{"completed": 11776, "elapsed_seconds": 4.761, "event": "orbit_search_progress", "label": "trained-to-public", "total": 50257}
{"completed": 12288, "elapsed_seconds": 4.89, "event": "orbit_search_progress", "label": "trained-to-public", "total": 50257}
{"completed": 12800, "elapsed_seconds": 5.018, "event": "orbit_search_progress", "label": "trained-to-public", "total": 50257}
{"completed": 13312, "elapsed_seconds": 5.147, "event": "orbit_search_progress", "label": "trained-to-public", "total": 50257}
{"completed": 13824, "elapsed_seconds": 5.276, "event": "orbit_search_progress", "label": "trained-to-public", "total": 50257}
{"completed": 14336, "elapsed_seconds": 5.405, "event": "orbit_search_progress", "label": "trained-to-public", "total": 50257}
{"completed": 14848, "elapsed_seconds": 5.552, "event": "orbit_search_progress", "label": "trained-to-public", "total": 50257}
{"completed": 15360, "elapsed_seconds": 5.681, "event": "orbit_search_progress", "label": "trained-to-public", "total": 50257}
{"completed": 15872, "elapsed_seconds": 5.811, "event": "orbit_search_progress", "label": "trained-to-public", "total": 50257}
{"completed": 16384, "elapsed_seconds": 5.941, "event": "orbit_search_progress", "label": "trained-to-public", "total": 50257}
{"completed": 16896, "elapsed_seconds": 6.072, "event": "orbit_search_progress", "label": "trained-to-public", "total": 50257}
{"completed": 17408, "elapsed_seconds": 6.216, "event": "orbit_search_progress", "label": "trained-to-public", "total": 50257}
{"completed": 17920, "elapsed_seconds": 7.171, "event": "orbit_search_progress", "label": "trained-to-public", "total": 50257}
{"completed": 18432, "elapsed_seconds": 7.357, "event": "orbit_search_progress", "label": "trained-to-public", "total": 50257}
{"completed": 18944, "elapsed_seconds": 7.485, "event": "orbit_search_progress", "label": "trained-to-public", "total": 50257}
{"completed": 19456, "elapsed_seconds": 7.642, "event": "orbit_search_progress", "label": "trained-to-public", "total": 50257}
{"completed": 19968, "elapsed_seconds": 7.773, "event": "orbit_search_progress", "label": "trained-to-public", "total": 50257}
{"completed": 20480, "elapsed_seconds": 7.903, "event": "orbit_search_progress", "label": "trained-to-public", "total": 50257}
{"completed": 20992, "elapsed_seconds": 8.033, "event": "orbit_search_progress", "label": "trained-to-public", "total": 50257}
{"completed": 21504, "elapsed_seconds": 8.161, "event": "orbit_search_progress", "label": "trained-to-public", "total": 50257}
{"completed": 22016, "elapsed_seconds": 8.293, "event": "orbit_search_progress", "label": "trained-to-public", "total": 50257}
{"completed": 22528, "elapsed_seconds": 8.422, "event": "orbit_search_progress", "label": "trained-to-public", "total": 50257}
{"completed": 23040, "elapsed_seconds": 8.562, "event": "orbit_search_progress", "label": "trained-to-public", "total": 50257}
{"completed": 23552, "elapsed_seconds": 8.691, "event": "orbit_search_progress", "label": "trained-to-public", "total": 50257}
{"completed": 24064, "elapsed_seconds": 8.819, "event": "orbit_search_progress", "label": "trained-to-public", "total": 50257}
{"completed": 24576, "elapsed_seconds": 8.947, "event": "orbit_search_progress", "label": "trained-to-public", "total": 50257}
{"completed": 25088, "elapsed_seconds": 9.077, "event": "orbit_search_progress", "label": "trained-to-public", "total": 50257}
{"completed": 25600, "elapsed_seconds": 9.574, "event": "orbit_search_progress", "label": "trained-to-public", "total": 50257}
{"completed": 26112, "elapsed_seconds": 10.219, "event": "orbit_search_progress", "label": "trained-to-public", "total": 50257}
{"completed": 26624, "elapsed_seconds": 10.351, "event": "orbit_search_progress", "label": "trained-to-public", "total": 50257}
{"completed": 27136, "elapsed_seconds": 10.48, "event": "orbit_search_progress", "label": "trained-to-public", "total": 50257}
{"completed": 27648, "elapsed_seconds": 10.622, "event": "orbit_search_progress", "label": "trained-to-public", "total": 50257}
{"completed": 28160, "elapsed_seconds": 10.751, "event": "orbit_search_progress", "label": "trained-to-public", "total": 50257}
{"completed": 28672, "elapsed_seconds": 10.88, "event": "orbit_search_progress", "label": "trained-to-public", "total": 50257}
{"completed": 29184, "elapsed_seconds": 11.01, "event": "orbit_search_progress", "label": "trained-to-public", "total": 50257}
{"completed": 29696, "elapsed_seconds": 11.142, "event": "orbit_search_progress", "label": "trained-to-public", "total": 50257}
{"completed": 30208, "elapsed_seconds": 11.271, "event": "orbit_search_progress", "label": "trained-to-public", "total": 50257}
{"completed": 30720, "elapsed_seconds": 11.4, "event": "orbit_search_progress", "label": "trained-to-public", "total": 50257}
{"completed": 31232, "elapsed_seconds": 11.542, "event": "orbit_search_progress", "label": "trained-to-public", "total": 50257}
{"completed": 31744, "elapsed_seconds": 11.671, "event": "orbit_search_progress", "label": "trained-to-public", "total": 50257}
{"completed": 32256, "elapsed_seconds": 11.801, "event": "orbit_search_progress", "label": "trained-to-public", "total": 50257}
{"completed": 32768, "elapsed_seconds": 11.934, "event": "orbit_search_progress", "label": "trained-to-public", "total": 50257}
{"completed": 33280, "elapsed_seconds": 12.16, "event": "orbit_search_progress", "label": "trained-to-public", "total": 50257}
{"completed": 33792, "elapsed_seconds": 13.102, "event": "orbit_search_progress", "label": "trained-to-public", "total": 50257}
{"completed": 34304, "elapsed_seconds": 13.231, "event": "orbit_search_progress", "label": "trained-to-public", "total": 50257}
{"completed": 34816, "elapsed_seconds": 13.36, "event": "orbit_search_progress", "label": "trained-to-public", "total": 50257}
{"completed": 35328, "elapsed_seconds": 13.491, "event": "orbit_search_progress", "label": "trained-to-public", "total": 50257}
{"completed": 35840, "elapsed_seconds": 13.633, "event": "orbit_search_progress", "label": "trained-to-public", "total": 50257}
{"completed": 36352, "elapsed_seconds": 13.764, "event": "orbit_search_progress", "label": "trained-to-public", "total": 50257}
{"completed": 36864, "elapsed_seconds": 13.896, "event": "orbit_search_progress", "label": "trained-to-public", "total": 50257}
{"completed": 37376, "elapsed_seconds": 14.025, "event": "orbit_search_progress", "label": "trained-to-public", "total": 50257}
{"completed": 37888, "elapsed_seconds": 14.156, "event": "orbit_search_progress", "label": "trained-to-public", "total": 50257}
{"completed": 38400, "elapsed_seconds": 14.288, "event": "orbit_search_progress", "label": "trained-to-public", "total": 50257}
{"completed": 38912, "elapsed_seconds": 14.417, "event": "orbit_search_progress", "label": "trained-to-public", "total": 50257}
{"completed": 39424, "elapsed_seconds": 14.559, "event": "orbit_search_progress", "label": "trained-to-public", "total": 50257}
{"completed": 39936, "elapsed_seconds": 14.688, "event": "orbit_search_progress", "label": "trained-to-public", "total": 50257}
{"completed": 40448, "elapsed_seconds": 14.818, "event": "orbit_search_progress", "label": "trained-to-public", "total": 50257}
{"completed": 40960, "elapsed_seconds": 14.947, "event": "orbit_search_progress", "label": "trained-to-public", "total": 50257}
{"completed": 41472, "elapsed_seconds": 15.603, "event": "orbit_search_progress", "label": "trained-to-public", "total": 50257}
{"completed": 41984, "elapsed_seconds": 16.094, "event": "orbit_search_progress", "label": "trained-to-public", "total": 50257}
{"completed": 42496, "elapsed_seconds": 16.223, "event": "orbit_search_progress", "label": "trained-to-public", "total": 50257}
{"completed": 43008, "elapsed_seconds": 16.355, "event": "orbit_search_progress", "label": "trained-to-public", "total": 50257}
{"completed": 43520, "elapsed_seconds": 16.484, "event": "orbit_search_progress", "label": "trained-to-public", "total": 50257}
{"completed": 44032, "elapsed_seconds": 16.638, "event": "orbit_search_progress", "label": "trained-to-public", "total": 50257}
{"completed": 44544, "elapsed_seconds": 16.766, "event": "orbit_search_progress", "label": "trained-to-public", "total": 50257}
{"completed": 45056, "elapsed_seconds": 16.894, "event": "orbit_search_progress", "label": "trained-to-public", "total": 50257}
{"completed": 45568, "elapsed_seconds": 17.026, "event": "orbit_search_progress", "label": "trained-to-public", "total": 50257}
{"completed": 46080, "elapsed_seconds": 17.156, "event": "orbit_search_progress", "label": "trained-to-public", "total": 50257}
{"completed": 46592, "elapsed_seconds": 17.289, "event": "orbit_search_progress", "label": "trained-to-public", "total": 50257}
{"completed": 47104, "elapsed_seconds": 17.417, "event": "orbit_search_progress", "label": "trained-to-public", "total": 50257}
{"completed": 47616, "elapsed_seconds": 17.574, "event": "orbit_search_progress", "label": "trained-to-public", "total": 50257}
{"completed": 48128, "elapsed_seconds": 17.702, "event": "orbit_search_progress", "label": "trained-to-public", "total": 50257}
{"completed": 48640, "elapsed_seconds": 17.837, "event": "orbit_search_progress", "label": "trained-to-public", "total": 50257}
{"completed": 49152, "elapsed_seconds": 18.39, "event": "orbit_search_progress", "label": "trained-to-public", "total": 50257}
{"completed": 49664, "elapsed_seconds": 18.958, "event": "orbit_search_progress", "label": "trained-to-public", "total": 50257}
{"completed": 50176, "elapsed_seconds": 19.089, "event": "orbit_search_progress", "label": "trained-to-public", "total": 50257}
{"completed": 50257, "elapsed_seconds": 19.211, "event": "orbit_search_progress", "label": "trained-to-public", "total": 50257}
{"completed": 512, "elapsed_seconds": 0.129, "event": "orbit_search_progress", "label": "public-margin", "total": 50257}
{"completed": 1024, "elapsed_seconds": 0.258, "event": "orbit_search_progress", "label": "public-margin", "total": 50257}
{"completed": 1536, "elapsed_seconds": 0.4, "event": "orbit_search_progress", "label": "public-margin", "total": 50257}
{"completed": 2048, "elapsed_seconds": 0.53, "event": "orbit_search_progress", "label": "public-margin", "total": 50257}
{"completed": 2560, "elapsed_seconds": 0.661, "event": "orbit_search_progress", "label": "public-margin", "total": 50257}
{"completed": 3072, "elapsed_seconds": 0.79, "event": "orbit_search_progress", "label": "public-margin", "total": 50257}
{"completed": 3584, "elapsed_seconds": 0.922, "event": "orbit_search_progress", "label": "public-margin", "total": 50257}
{"completed": 4096, "elapsed_seconds": 1.051, "event": "orbit_search_progress", "label": "public-margin", "total": 50257}
{"completed": 4608, "elapsed_seconds": 1.19, "event": "orbit_search_progress", "label": "public-margin", "total": 50257}
{"completed": 5120, "elapsed_seconds": 1.331, "event": "orbit_search_progress", "label": "public-margin", "total": 50257}
{"completed": 5632, "elapsed_seconds": 1.46, "event": "orbit_search_progress", "label": "public-margin", "total": 50257}
{"completed": 6144, "elapsed_seconds": 1.588, "event": "orbit_search_progress", "label": "public-margin", "total": 50257}
{"completed": 6656, "elapsed_seconds": 2.395, "event": "orbit_search_progress", "label": "public-margin", "total": 50257}
{"completed": 7168, "elapsed_seconds": 2.717, "event": "orbit_search_progress", "label": "public-margin", "total": 50257}
{"completed": 7680, "elapsed_seconds": 2.848, "event": "orbit_search_progress", "label": "public-margin", "total": 50257}
{"completed": 8192, "elapsed_seconds": 2.977, "event": "orbit_search_progress", "label": "public-margin", "total": 50257}
{"completed": 8704, "elapsed_seconds": 3.11, "event": "orbit_search_progress", "label": "public-margin", "total": 50257}
{"completed": 9216, "elapsed_seconds": 3.239, "event": "orbit_search_progress", "label": "public-margin", "total": 50257}
{"completed": 9728, "elapsed_seconds": 3.379, "event": "orbit_search_progress", "label": "public-margin", "total": 50257}
{"completed": 10240, "elapsed_seconds": 3.507, "event": "orbit_search_progress", "label": "public-margin", "total": 50257}
{"completed": 10752, "elapsed_seconds": 3.636, "event": "orbit_search_progress", "label": "public-margin", "total": 50257}
{"completed": 11264, "elapsed_seconds": 3.764, "event": "orbit_search_progress", "label": "public-margin", "total": 50257}
{"completed": 11776, "elapsed_seconds": 3.893, "event": "orbit_search_progress", "label": "public-margin", "total": 50257}
{"completed": 12288, "elapsed_seconds": 4.021, "event": "orbit_search_progress", "label": "public-margin", "total": 50257}
{"completed": 12800, "elapsed_seconds": 4.149, "event": "orbit_search_progress", "label": "public-margin", "total": 50257}
{"completed": 13312, "elapsed_seconds": 4.278, "event": "orbit_search_progress", "label": "public-margin", "total": 50257}
{"completed": 13824, "elapsed_seconds": 4.421, "event": "orbit_search_progress", "label": "public-margin", "total": 50257}
{"completed": 14336, "elapsed_seconds": 4.576, "event": "orbit_search_progress", "label": "public-margin", "total": 50257}
{"completed": 14848, "elapsed_seconds": 5.533, "event": "orbit_search_progress", "label": "public-margin", "total": 50257}
{"completed": 15360, "elapsed_seconds": 5.702, "event": "orbit_search_progress", "label": "public-margin", "total": 50257}
{"completed": 15872, "elapsed_seconds": 5.83, "event": "orbit_search_progress", "label": "public-margin", "total": 50257}
{"completed": 16384, "elapsed_seconds": 5.958, "event": "orbit_search_progress", "label": "public-margin", "total": 50257}
{"completed": 16896, "elapsed_seconds": 6.087, "event": "orbit_search_progress", "label": "public-margin", "total": 50257}
{"completed": 17408, "elapsed_seconds": 6.215, "event": "orbit_search_progress", "label": "public-margin", "total": 50257}
{"completed": 17920, "elapsed_seconds": 6.383, "event": "orbit_search_progress", "label": "public-margin", "total": 50257}
{"completed": 18432, "elapsed_seconds": 6.513, "event": "orbit_search_progress", "label": "public-margin", "total": 50257}
{"completed": 18944, "elapsed_seconds": 6.644, "event": "orbit_search_progress", "label": "public-margin", "total": 50257}
{"completed": 19456, "elapsed_seconds": 6.772, "event": "orbit_search_progress", "label": "public-margin", "total": 50257}
{"completed": 19968, "elapsed_seconds": 6.901, "event": "orbit_search_progress", "label": "public-margin", "total": 50257}
{"completed": 20480, "elapsed_seconds": 7.029, "event": "orbit_search_progress", "label": "public-margin", "total": 50257}
{"completed": 20992, "elapsed_seconds": 7.171, "event": "orbit_search_progress", "label": "public-margin", "total": 50257}
{"completed": 21504, "elapsed_seconds": 7.316, "event": "orbit_search_progress", "label": "public-margin", "total": 50257}
{"completed": 22016, "elapsed_seconds": 7.462, "event": "orbit_search_progress", "label": "public-margin", "total": 50257}
{"completed": 22528, "elapsed_seconds": 8.335, "event": "orbit_search_progress", "label": "public-margin", "total": 50257}
{"completed": 23040, "elapsed_seconds": 8.6, "event": "orbit_search_progress", "label": "public-margin", "total": 50257}
{"completed": 23552, "elapsed_seconds": 8.731, "event": "orbit_search_progress", "label": "public-margin", "total": 50257}
{"completed": 24064, "elapsed_seconds": 8.861, "event": "orbit_search_progress", "label": "public-margin", "total": 50257}
{"completed": 24576, "elapsed_seconds": 8.99, "event": "orbit_search_progress", "label": "public-margin", "total": 50257}
{"completed": 25088, "elapsed_seconds": 9.121, "event": "orbit_search_progress", "label": "public-margin", "total": 50257}
{"completed": 25600, "elapsed_seconds": 9.25, "event": "orbit_search_progress", "label": "public-margin", "total": 50257}
{"completed": 26112, "elapsed_seconds": 9.391, "event": "orbit_search_progress", "label": "public-margin", "total": 50257}
{"completed": 26624, "elapsed_seconds": 9.519, "event": "orbit_search_progress", "label": "public-margin", "total": 50257}
{"completed": 27136, "elapsed_seconds": 9.648, "event": "orbit_search_progress", "label": "public-margin", "total": 50257}
{"completed": 27648, "elapsed_seconds": 9.776, "event": "orbit_search_progress", "label": "public-margin", "total": 50257}
{"completed": 28160, "elapsed_seconds": 9.905, "event": "orbit_search_progress", "label": "public-margin", "total": 50257}
{"completed": 28672, "elapsed_seconds": 10.034, "event": "orbit_search_progress", "label": "public-margin", "total": 50257}
{"completed": 29184, "elapsed_seconds": 10.164, "event": "orbit_search_progress", "label": "public-margin", "total": 50257}
{"completed": 29696, "elapsed_seconds": 10.304, "event": "orbit_search_progress", "label": "public-margin", "total": 50257}
{"completed": 30208, "elapsed_seconds": 10.976, "event": "orbit_search_progress", "label": "public-margin", "total": 50257}
{"completed": 30720, "elapsed_seconds": 11.487, "event": "orbit_search_progress", "label": "public-margin", "total": 50257}
{"completed": 31232, "elapsed_seconds": 11.616, "event": "orbit_search_progress", "label": "public-margin", "total": 50257}
{"completed": 31744, "elapsed_seconds": 11.744, "event": "orbit_search_progress", "label": "public-margin", "total": 50257}
{"completed": 32256, "elapsed_seconds": 11.875, "event": "orbit_search_progress", "label": "public-margin", "total": 50257}
{"completed": 32768, "elapsed_seconds": 12.004, "event": "orbit_search_progress", "label": "public-margin", "total": 50257}
{"completed": 33280, "elapsed_seconds": 12.134, "event": "orbit_search_progress", "label": "public-margin", "total": 50257}
{"completed": 33792, "elapsed_seconds": 12.263, "event": "orbit_search_progress", "label": "public-margin", "total": 50257}
{"completed": 34304, "elapsed_seconds": 12.406, "event": "orbit_search_progress", "label": "public-margin", "total": 50257}
{"completed": 34816, "elapsed_seconds": 12.536, "event": "orbit_search_progress", "label": "public-margin", "total": 50257}
{"completed": 35328, "elapsed_seconds": 12.679, "event": "orbit_search_progress", "label": "public-margin", "total": 50257}
{"completed": 35840, "elapsed_seconds": 12.81, "event": "orbit_search_progress", "label": "public-margin", "total": 50257}
{"completed": 36352, "elapsed_seconds": 13.106, "event": "orbit_search_progress", "label": "public-margin", "total": 50257}
{"completed": 36864, "elapsed_seconds": 13.242, "event": "orbit_search_progress", "label": "public-margin", "total": 50257}
{"completed": 37376, "elapsed_seconds": 13.981, "event": "orbit_search_progress", "label": "public-margin", "total": 50257}
{"completed": 37888, "elapsed_seconds": 14.437, "event": "orbit_search_progress", "label": "public-margin", "total": 50257}
{"completed": 38400, "elapsed_seconds": 14.569, "event": "orbit_search_progress", "label": "public-margin", "total": 50257}
{"completed": 38912, "elapsed_seconds": 14.701, "event": "orbit_search_progress", "label": "public-margin", "total": 50257}
{"completed": 39424, "elapsed_seconds": 14.86, "event": "orbit_search_progress", "label": "public-margin", "total": 50257}
{"completed": 39936, "elapsed_seconds": 14.99, "event": "orbit_search_progress", "label": "public-margin", "total": 50257}
{"completed": 40448, "elapsed_seconds": 15.122, "event": "orbit_search_progress", "label": "public-margin", "total": 50257}
{"completed": 40960, "elapsed_seconds": 15.251, "event": "orbit_search_progress", "label": "public-margin", "total": 50257}
{"completed": 41472, "elapsed_seconds": 15.394, "event": "orbit_search_progress", "label": "public-margin", "total": 50257}
{"completed": 41984, "elapsed_seconds": 15.522, "event": "orbit_search_progress", "label": "public-margin", "total": 50257}
{"completed": 42496, "elapsed_seconds": 15.65, "event": "orbit_search_progress", "label": "public-margin", "total": 50257}
{"completed": 43008, "elapsed_seconds": 15.779, "event": "orbit_search_progress", "label": "public-margin", "total": 50257}
{"completed": 43520, "elapsed_seconds": 15.908, "event": "orbit_search_progress", "label": "public-margin", "total": 50257}
{"completed": 44032, "elapsed_seconds": 16.037, "event": "orbit_search_progress", "label": "public-margin", "total": 50257}
{"completed": 44544, "elapsed_seconds": 16.165, "event": "orbit_search_progress", "label": "public-margin", "total": 50257}
{"completed": 45056, "elapsed_seconds": 16.608, "event": "orbit_search_progress", "label": "public-margin", "total": 50257}
{"completed": 45568, "elapsed_seconds": 17.352, "event": "orbit_search_progress", "label": "public-margin", "total": 50257}
{"completed": 46080, "elapsed_seconds": 17.48, "event": "orbit_search_progress", "label": "public-margin", "total": 50257}
{"completed": 46592, "elapsed_seconds": 17.609, "event": "orbit_search_progress", "label": "public-margin", "total": 50257}
{"completed": 47104, "elapsed_seconds": 17.74, "event": "orbit_search_progress", "label": "public-margin", "total": 50257}
{"completed": 47616, "elapsed_seconds": 17.87, "event": "orbit_search_progress", "label": "public-margin", "total": 50257}
{"completed": 48128, "elapsed_seconds": 17.999, "event": "orbit_search_progress", "label": "public-margin", "total": 50257}
{"completed": 48640, "elapsed_seconds": 18.132, "event": "orbit_search_progress", "label": "public-margin", "total": 50257}
{"completed": 49152, "elapsed_seconds": 18.26, "event": "orbit_search_progress", "label": "public-margin", "total": 50257}
{"completed": 49664, "elapsed_seconds": 18.427, "event": "orbit_search_progress", "label": "public-margin", "total": 50257}
{"completed": 50176, "elapsed_seconds": 18.558, "event": "orbit_search_progress", "label": "public-margin", "total": 50257}
{"completed": 50257, "elapsed_seconds": 18.674, "event": "orbit_search_progress", "label": "public-margin", "total": 50257}
{"changed_rows": 13329, "checkpoint": "/home/user/p050_journal_targets/checkpoints/stip_independent_embedding_frequency_f075_seed20260802.pt", "event": "complete", "output": "/home/user/p050_journal_targets/results/stip_independent_embedding_frequency_f075_seed20260802.json", "selected_rows": 13329, "validation_loss_after": 9.304293823242187, "validation_loss_before": 10.231216716766358}
	Command being timed: "python3 /home/user/p050_journal_targets/experiments/60_stip_independent_embedding_training.py --model gpt2 --cache-dir /home/user/p050_journal_targets/models --arrow /home/user/.cache/huggingface/datasets/BeIR___scifact/corpus/0.0.0/b3b5335604bf5ee3c4447671af975ea25143d4f5/scifact-corpus.arrow --arrow /home/user/.cache/huggingface/datasets/BeIR___nfcorpus/corpus/0.0.0/b5026a0e96e8a7ac4f95f482a596389289d46269/nfcorpus-corpus.arrow --output /home/user/p050_journal_targets/results/stip_independent_embedding_frequency_f075_seed20260802.json --checkpoint /home/user/p050_journal_targets/checkpoints/stip_independent_embedding_frequency_f075_seed20260802.pt --selection frequency --train-fraction 0.75 --steps 200 --batch-size 2 --sequence-length 64 --learning-rate 0.0005 --eval-batches 10 --max-tokens 500000 --orbit-batch-size 512 --threads 16 --log-every 20 --seed 20260802 --device cpu"
	User time (seconds): 3370.92
	System time (seconds): 291.02
	Percent of CPU this job got: 1389%
	Elapsed (wall clock) time (h:mm:ss or m:ss): 4:23.45
	Average shared text size (kbytes): 0
	Average unshared data size (kbytes): 0
	Average stack size (kbytes): 0
	Average total size (kbytes): 0
	Maximum resident set size (kbytes): 3474872
	Average resident set size (kbytes): 0
	Major (requiring I/O) page faults: 0
	Minor (reclaiming a frame) page faults: 53322409
	Voluntary context switches: 39738
	Involuntary context switches: 3163997
	Swaps: 0
	File system inputs: 2072
	File system outputs: 80608
	Socket messages sent: 0
	Socket messages received: 0
	Signals delivered: 0
	Page size (bytes): 4096
	Exit status: 0
