Token indices sequence length is longer than the specified maximum sequence length for this model (1907 > 1024). Running this sequence through the model will result in indexing errors
{"documents": 1000, "event": "tokenize_progress", "tokens": 331853}
{"active_rows": 17772, "documents": 8816, "event": "corpus_ready", "selected_rows": 17772, "selection": "frequency", "tokens": 500000, "train_tokens": 450000, "validation_tokens": 50000}
Loading weights:   0%|          | 0/148 [00:00<?, ?it/s]Loading weights: 100%|██████████| 148/148 [00:00<00:00, 3236.57it/s]
`loss_type=None` was set in the config but it is unrecognized. Using the default loss: `ForCausalLMLoss`.
{"elapsed_seconds": 0.927, "event": "train_progress", "loss": 9.707953453063965, "mean_recent": 9.707953453063965, "step": 1, "steps": 200}
{"elapsed_seconds": 23.26, "event": "train_progress", "loss": 9.627251625061035, "mean_recent": 9.78332576751709, "step": 20, "steps": 200}
{"elapsed_seconds": 45.781, "event": "train_progress", "loss": 10.636954307556152, "mean_recent": 10.042890548706055, "step": 40, "steps": 200}
{"elapsed_seconds": 68.429, "event": "train_progress", "loss": 10.557222366333008, "mean_recent": 9.996074914932251, "step": 60, "steps": 200}
{"elapsed_seconds": 90.737, "event": "train_progress", "loss": 9.91037654876709, "mean_recent": 9.663973951339722, "step": 80, "steps": 200}
{"elapsed_seconds": 112.143, "event": "train_progress", "loss": 9.546097755432129, "mean_recent": 9.861886072158814, "step": 100, "steps": 200}
{"elapsed_seconds": 132.043, "event": "train_progress", "loss": 9.385486602783203, "mean_recent": 9.556837892532348, "step": 120, "steps": 200}
{"elapsed_seconds": 151.895, "event": "train_progress", "loss": 9.994255065917969, "mean_recent": 9.471338605880737, "step": 140, "steps": 200}
{"elapsed_seconds": 173.067, "event": "train_progress", "loss": 9.071393013000488, "mean_recent": 9.314590120315552, "step": 160, "steps": 200}
{"elapsed_seconds": 192.932, "event": "train_progress", "loss": 8.482528686523438, "mean_recent": 9.252474880218506, "step": 180, "steps": 200}
{"elapsed_seconds": 212.543, "event": "train_progress", "loss": 9.608341217041016, "mean_recent": 9.14394235610962, "step": 200, "steps": 200}
{"completed": 512, "elapsed_seconds": 0.135, "event": "orbit_search_progress", "label": "trained-to-public", "total": 50257}
{"completed": 1024, "elapsed_seconds": 0.269, "event": "orbit_search_progress", "label": "trained-to-public", "total": 50257}
{"completed": 1536, "elapsed_seconds": 0.413, "event": "orbit_search_progress", "label": "trained-to-public", "total": 50257}
{"completed": 2048, "elapsed_seconds": 0.542, "event": "orbit_search_progress", "label": "trained-to-public", "total": 50257}
{"completed": 2560, "elapsed_seconds": 0.719, "event": "orbit_search_progress", "label": "trained-to-public", "total": 50257}
{"completed": 3072, "elapsed_seconds": 1.613, "event": "orbit_search_progress", "label": "trained-to-public", "total": 50257}
{"completed": 3584, "elapsed_seconds": 1.747, "event": "orbit_search_progress", "label": "trained-to-public", "total": 50257}
{"completed": 4096, "elapsed_seconds": 1.877, "event": "orbit_search_progress", "label": "trained-to-public", "total": 50257}
{"completed": 4608, "elapsed_seconds": 2.006, "event": "orbit_search_progress", "label": "trained-to-public", "total": 50257}
{"completed": 5120, "elapsed_seconds": 2.136, "event": "orbit_search_progress", "label": "trained-to-public", "total": 50257}
{"completed": 5632, "elapsed_seconds": 2.264, "event": "orbit_search_progress", "label": "trained-to-public", "total": 50257}
{"completed": 6144, "elapsed_seconds": 2.408, "event": "orbit_search_progress", "label": "trained-to-public", "total": 50257}
{"completed": 6656, "elapsed_seconds": 2.537, "event": "orbit_search_progress", "label": "trained-to-public", "total": 50257}
{"completed": 7168, "elapsed_seconds": 2.665, "event": "orbit_search_progress", "label": "trained-to-public", "total": 50257}
{"completed": 7680, "elapsed_seconds": 2.793, "event": "orbit_search_progress", "label": "trained-to-public", "total": 50257}
{"completed": 8192, "elapsed_seconds": 2.922, "event": "orbit_search_progress", "label": "trained-to-public", "total": 50257}
{"completed": 8704, "elapsed_seconds": 3.053, "event": "orbit_search_progress", "label": "trained-to-public", "total": 50257}
{"completed": 9216, "elapsed_seconds": 3.181, "event": "orbit_search_progress", "label": "trained-to-public", "total": 50257}
{"completed": 9728, "elapsed_seconds": 3.309, "event": "orbit_search_progress", "label": "trained-to-public", "total": 50257}
{"completed": 10240, "elapsed_seconds": 3.459, "event": "orbit_search_progress", "label": "trained-to-public", "total": 50257}
{"completed": 10752, "elapsed_seconds": 3.765, "event": "orbit_search_progress", "label": "trained-to-public", "total": 50257}
{"completed": 11264, "elapsed_seconds": 4.55, "event": "orbit_search_progress", "label": "trained-to-public", "total": 50257}
{"completed": 11776, "elapsed_seconds": 4.678, "event": "orbit_search_progress", "label": "trained-to-public", "total": 50257}
{"completed": 12288, "elapsed_seconds": 4.807, "event": "orbit_search_progress", "label": "trained-to-public", "total": 50257}
{"completed": 12800, "elapsed_seconds": 4.937, "event": "orbit_search_progress", "label": "trained-to-public", "total": 50257}
{"completed": 13312, "elapsed_seconds": 5.066, "event": "orbit_search_progress", "label": "trained-to-public", "total": 50257}
{"completed": 13824, "elapsed_seconds": 5.196, "event": "orbit_search_progress", "label": "trained-to-public", "total": 50257}
{"completed": 14336, "elapsed_seconds": 5.327, "event": "orbit_search_progress", "label": "trained-to-public", "total": 50257}
{"completed": 14848, "elapsed_seconds": 5.469, "event": "orbit_search_progress", "label": "trained-to-public", "total": 50257}
{"completed": 15360, "elapsed_seconds": 5.598, "event": "orbit_search_progress", "label": "trained-to-public", "total": 50257}
{"completed": 15872, "elapsed_seconds": 5.729, "event": "orbit_search_progress", "label": "trained-to-public", "total": 50257}
{"completed": 16384, "elapsed_seconds": 5.859, "event": "orbit_search_progress", "label": "trained-to-public", "total": 50257}
{"completed": 16896, "elapsed_seconds": 5.991, "event": "orbit_search_progress", "label": "trained-to-public", "total": 50257}
{"completed": 17408, "elapsed_seconds": 6.122, "event": "orbit_search_progress", "label": "trained-to-public", "total": 50257}
{"completed": 17920, "elapsed_seconds": 6.25, "event": "orbit_search_progress", "label": "trained-to-public", "total": 50257}
{"completed": 18432, "elapsed_seconds": 6.395, "event": "orbit_search_progress", "label": "trained-to-public", "total": 50257}
{"completed": 18944, "elapsed_seconds": 6.788, "event": "orbit_search_progress", "label": "trained-to-public", "total": 50257}
{"completed": 19456, "elapsed_seconds": 7.505, "event": "orbit_search_progress", "label": "trained-to-public", "total": 50257}
{"completed": 19968, "elapsed_seconds": 7.634, "event": "orbit_search_progress", "label": "trained-to-public", "total": 50257}
{"completed": 20480, "elapsed_seconds": 7.765, "event": "orbit_search_progress", "label": "trained-to-public", "total": 50257}
{"completed": 20992, "elapsed_seconds": 7.896, "event": "orbit_search_progress", "label": "trained-to-public", "total": 50257}
{"completed": 21504, "elapsed_seconds": 8.025, "event": "orbit_search_progress", "label": "trained-to-public", "total": 50257}
{"completed": 22016, "elapsed_seconds": 8.154, "event": "orbit_search_progress", "label": "trained-to-public", "total": 50257}
{"completed": 22528, "elapsed_seconds": 8.283, "event": "orbit_search_progress", "label": "trained-to-public", "total": 50257}
{"completed": 23040, "elapsed_seconds": 8.427, "event": "orbit_search_progress", "label": "trained-to-public", "total": 50257}
{"completed": 23552, "elapsed_seconds": 8.557, "event": "orbit_search_progress", "label": "trained-to-public", "total": 50257}
{"completed": 24064, "elapsed_seconds": 8.685, "event": "orbit_search_progress", "label": "trained-to-public", "total": 50257}
{"completed": 24576, "elapsed_seconds": 8.813, "event": "orbit_search_progress", "label": "trained-to-public", "total": 50257}
{"completed": 25088, "elapsed_seconds": 8.942, "event": "orbit_search_progress", "label": "trained-to-public", "total": 50257}
{"completed": 25600, "elapsed_seconds": 9.07, "event": "orbit_search_progress", "label": "trained-to-public", "total": 50257}
{"completed": 26112, "elapsed_seconds": 9.198, "event": "orbit_search_progress", "label": "trained-to-public", "total": 50257}
{"completed": 26624, "elapsed_seconds": 9.327, "event": "orbit_search_progress", "label": "trained-to-public", "total": 50257}
{"completed": 27136, "elapsed_seconds": 9.879, "event": "orbit_search_progress", "label": "trained-to-public", "total": 50257}
{"completed": 27648, "elapsed_seconds": 10.446, "event": "orbit_search_progress", "label": "trained-to-public", "total": 50257}
{"completed": 28160, "elapsed_seconds": 10.575, "event": "orbit_search_progress", "label": "trained-to-public", "total": 50257}
{"completed": 28672, "elapsed_seconds": 10.705, "event": "orbit_search_progress", "label": "trained-to-public", "total": 50257}
{"completed": 29184, "elapsed_seconds": 10.833, "event": "orbit_search_progress", "label": "trained-to-public", "total": 50257}
{"completed": 29696, "elapsed_seconds": 10.965, "event": "orbit_search_progress", "label": "trained-to-public", "total": 50257}
{"completed": 30208, "elapsed_seconds": 11.095, "event": "orbit_search_progress", "label": "trained-to-public", "total": 50257}
{"completed": 30720, "elapsed_seconds": 11.226, "event": "orbit_search_progress", "label": "trained-to-public", "total": 50257}
{"completed": 31232, "elapsed_seconds": 11.355, "event": "orbit_search_progress", "label": "trained-to-public", "total": 50257}
{"completed": 31744, "elapsed_seconds": 11.511, "event": "orbit_search_progress", "label": "trained-to-public", "total": 50257}
{"completed": 32256, "elapsed_seconds": 11.64, "event": "orbit_search_progress", "label": "trained-to-public", "total": 50257}
{"completed": 32768, "elapsed_seconds": 11.782, "event": "orbit_search_progress", "label": "trained-to-public", "total": 50257}
{"completed": 33280, "elapsed_seconds": 11.915, "event": "orbit_search_progress", "label": "trained-to-public", "total": 50257}
{"completed": 33792, "elapsed_seconds": 12.045, "event": "orbit_search_progress", "label": "trained-to-public", "total": 50257}
{"completed": 34304, "elapsed_seconds": 12.175, "event": "orbit_search_progress", "label": "trained-to-public", "total": 50257}
{"completed": 34816, "elapsed_seconds": 12.305, "event": "orbit_search_progress", "label": "trained-to-public", "total": 50257}
{"completed": 35328, "elapsed_seconds": 12.932, "event": "orbit_search_progress", "label": "trained-to-public", "total": 50257}
{"completed": 35840, "elapsed_seconds": 13.381, "event": "orbit_search_progress", "label": "trained-to-public", "total": 50257}
{"completed": 36352, "elapsed_seconds": 13.51, "event": "orbit_search_progress", "label": "trained-to-public", "total": 50257}
{"completed": 36864, "elapsed_seconds": 13.639, "event": "orbit_search_progress", "label": "trained-to-public", "total": 50257}
{"completed": 37376, "elapsed_seconds": 13.769, "event": "orbit_search_progress", "label": "trained-to-public", "total": 50257}
{"completed": 37888, "elapsed_seconds": 13.9, "event": "orbit_search_progress", "label": "trained-to-public", "total": 50257}
{"completed": 38400, "elapsed_seconds": 14.029, "event": "orbit_search_progress", "label": "trained-to-public", "total": 50257}
{"completed": 38912, "elapsed_seconds": 14.158, "event": "orbit_search_progress", "label": "trained-to-public", "total": 50257}
{"completed": 39424, "elapsed_seconds": 14.288, "event": "orbit_search_progress", "label": "trained-to-public", "total": 50257}
{"completed": 39936, "elapsed_seconds": 14.48, "event": "orbit_search_progress", "label": "trained-to-public", "total": 50257}
{"completed": 40448, "elapsed_seconds": 14.947, "event": "orbit_search_progress", "label": "trained-to-public", "total": 50257}
{"completed": 40960, "elapsed_seconds": 15.076, "event": "orbit_search_progress", "label": "trained-to-public", "total": 50257}
{"completed": 41472, "elapsed_seconds": 15.206, "event": "orbit_search_progress", "label": "trained-to-public", "total": 50257}
{"completed": 41984, "elapsed_seconds": 15.937, "event": "orbit_search_progress", "label": "trained-to-public", "total": 50257}
{"completed": 42496, "elapsed_seconds": 16.288, "event": "orbit_search_progress", "label": "trained-to-public", "total": 50257}
{"completed": 43008, "elapsed_seconds": 16.434, "event": "orbit_search_progress", "label": "trained-to-public", "total": 50257}
{"completed": 43520, "elapsed_seconds": 16.563, "event": "orbit_search_progress", "label": "trained-to-public", "total": 50257}
{"completed": 44032, "elapsed_seconds": 16.691, "event": "orbit_search_progress", "label": "trained-to-public", "total": 50257}
{"completed": 44544, "elapsed_seconds": 16.819, "event": "orbit_search_progress", "label": "trained-to-public", "total": 50257}
{"completed": 45056, "elapsed_seconds": 16.962, "event": "orbit_search_progress", "label": "trained-to-public", "total": 50257}
{"completed": 45568, "elapsed_seconds": 17.09, "event": "orbit_search_progress", "label": "trained-to-public", "total": 50257}
{"completed": 46080, "elapsed_seconds": 17.218, "event": "orbit_search_progress", "label": "trained-to-public", "total": 50257}
{"completed": 46592, "elapsed_seconds": 17.347, "event": "orbit_search_progress", "label": "trained-to-public", "total": 50257}
{"completed": 47104, "elapsed_seconds": 17.487, "event": "orbit_search_progress", "label": "trained-to-public", "total": 50257}
{"completed": 47616, "elapsed_seconds": 17.617, "event": "orbit_search_progress", "label": "trained-to-public", "total": 50257}
{"completed": 48128, "elapsed_seconds": 17.748, "event": "orbit_search_progress", "label": "trained-to-public", "total": 50257}
{"completed": 48640, "elapsed_seconds": 17.879, "event": "orbit_search_progress", "label": "trained-to-public", "total": 50257}
{"completed": 49152, "elapsed_seconds": 18.007, "event": "orbit_search_progress", "label": "trained-to-public", "total": 50257}
{"completed": 49664, "elapsed_seconds": 18.176, "event": "orbit_search_progress", "label": "trained-to-public", "total": 50257}
{"completed": 50176, "elapsed_seconds": 19.058, "event": "orbit_search_progress", "label": "trained-to-public", "total": 50257}
{"completed": 50257, "elapsed_seconds": 19.171, "event": "orbit_search_progress", "label": "trained-to-public", "total": 50257}
{"completed": 512, "elapsed_seconds": 0.129, "event": "orbit_search_progress", "label": "public-margin", "total": 50257}
{"completed": 1024, "elapsed_seconds": 0.27, "event": "orbit_search_progress", "label": "public-margin", "total": 50257}
{"completed": 1536, "elapsed_seconds": 0.398, "event": "orbit_search_progress", "label": "public-margin", "total": 50257}
{"completed": 2048, "elapsed_seconds": 0.527, "event": "orbit_search_progress", "label": "public-margin", "total": 50257}
{"completed": 2560, "elapsed_seconds": 0.658, "event": "orbit_search_progress", "label": "public-margin", "total": 50257}
{"completed": 3072, "elapsed_seconds": 0.791, "event": "orbit_search_progress", "label": "public-margin", "total": 50257}
{"completed": 3584, "elapsed_seconds": 0.92, "event": "orbit_search_progress", "label": "public-margin", "total": 50257}
{"completed": 4096, "elapsed_seconds": 1.049, "event": "orbit_search_progress", "label": "public-margin", "total": 50257}
{"completed": 4608, "elapsed_seconds": 1.179, "event": "orbit_search_progress", "label": "public-margin", "total": 50257}
{"completed": 5120, "elapsed_seconds": 1.331, "event": "orbit_search_progress", "label": "public-margin", "total": 50257}
{"completed": 5632, "elapsed_seconds": 1.46, "event": "orbit_search_progress", "label": "public-margin", "total": 50257}
{"completed": 6144, "elapsed_seconds": 1.589, "event": "orbit_search_progress", "label": "public-margin", "total": 50257}
{"completed": 6656, "elapsed_seconds": 1.72, "event": "orbit_search_progress", "label": "public-margin", "total": 50257}
{"completed": 7168, "elapsed_seconds": 1.917, "event": "orbit_search_progress", "label": "public-margin", "total": 50257}
{"completed": 7680, "elapsed_seconds": 2.811, "event": "orbit_search_progress", "label": "public-margin", "total": 50257}
{"completed": 8192, "elapsed_seconds": 2.943, "event": "orbit_search_progress", "label": "public-margin", "total": 50257}
{"completed": 8704, "elapsed_seconds": 3.072, "event": "orbit_search_progress", "label": "public-margin", "total": 50257}
{"completed": 9216, "elapsed_seconds": 3.218, "event": "orbit_search_progress", "label": "public-margin", "total": 50257}
{"completed": 9728, "elapsed_seconds": 3.347, "event": "orbit_search_progress", "label": "public-margin", "total": 50257}
{"completed": 10240, "elapsed_seconds": 3.476, "event": "orbit_search_progress", "label": "public-margin", "total": 50257}
{"completed": 10752, "elapsed_seconds": 3.605, "event": "orbit_search_progress", "label": "public-margin", "total": 50257}
{"completed": 11264, "elapsed_seconds": 3.734, "event": "orbit_search_progress", "label": "public-margin", "total": 50257}
{"completed": 11776, "elapsed_seconds": 3.864, "event": "orbit_search_progress", "label": "public-margin", "total": 50257}
{"completed": 12288, "elapsed_seconds": 3.993, "event": "orbit_search_progress", "label": "public-margin", "total": 50257}
{"completed": 12800, "elapsed_seconds": 4.121, "event": "orbit_search_progress", "label": "public-margin", "total": 50257}
{"completed": 13312, "elapsed_seconds": 4.263, "event": "orbit_search_progress", "label": "public-margin", "total": 50257}
{"completed": 13824, "elapsed_seconds": 4.392, "event": "orbit_search_progress", "label": "public-margin", "total": 50257}
{"completed": 14336, "elapsed_seconds": 4.522, "event": "orbit_search_progress", "label": "public-margin", "total": 50257}
{"completed": 14848, "elapsed_seconds": 4.653, "event": "orbit_search_progress", "label": "public-margin", "total": 50257}
{"completed": 15360, "elapsed_seconds": 4.853, "event": "orbit_search_progress", "label": "public-margin", "total": 50257}
{"completed": 15872, "elapsed_seconds": 5.752, "event": "orbit_search_progress", "label": "public-margin", "total": 50257}
{"completed": 16384, "elapsed_seconds": 5.882, "event": "orbit_search_progress", "label": "public-margin", "total": 50257}
{"completed": 16896, "elapsed_seconds": 6.01, "event": "orbit_search_progress", "label": "public-margin", "total": 50257}
{"completed": 17408, "elapsed_seconds": 6.147, "event": "orbit_search_progress", "label": "public-margin", "total": 50257}
{"completed": 17920, "elapsed_seconds": 6.289, "event": "orbit_search_progress", "label": "public-margin", "total": 50257}
{"completed": 18432, "elapsed_seconds": 6.418, "event": "orbit_search_progress", "label": "public-margin", "total": 50257}
{"completed": 18944, "elapsed_seconds": 6.547, "event": "orbit_search_progress", "label": "public-margin", "total": 50257}
{"completed": 19456, "elapsed_seconds": 6.676, "event": "orbit_search_progress", "label": "public-margin", "total": 50257}
{"completed": 19968, "elapsed_seconds": 6.808, "event": "orbit_search_progress", "label": "public-margin", "total": 50257}
{"completed": 20480, "elapsed_seconds": 6.938, "event": "orbit_search_progress", "label": "public-margin", "total": 50257}
{"completed": 20992, "elapsed_seconds": 7.067, "event": "orbit_search_progress", "label": "public-margin", "total": 50257}
{"completed": 21504, "elapsed_seconds": 7.21, "event": "orbit_search_progress", "label": "public-margin", "total": 50257}
{"completed": 22016, "elapsed_seconds": 7.339, "event": "orbit_search_progress", "label": "public-margin", "total": 50257}
{"completed": 22528, "elapsed_seconds": 7.468, "event": "orbit_search_progress", "label": "public-margin", "total": 50257}
{"completed": 23040, "elapsed_seconds": 7.596, "event": "orbit_search_progress", "label": "public-margin", "total": 50257}
{"completed": 23552, "elapsed_seconds": 7.839, "event": "orbit_search_progress", "label": "public-margin", "total": 50257}
{"completed": 24064, "elapsed_seconds": 8.696, "event": "orbit_search_progress", "label": "public-margin", "total": 50257}
{"completed": 24576, "elapsed_seconds": 8.826, "event": "orbit_search_progress", "label": "public-margin", "total": 50257}
{"completed": 25088, "elapsed_seconds": 8.956, "event": "orbit_search_progress", "label": "public-margin", "total": 50257}
{"completed": 25600, "elapsed_seconds": 9.086, "event": "orbit_search_progress", "label": "public-margin", "total": 50257}
{"completed": 26112, "elapsed_seconds": 9.243, "event": "orbit_search_progress", "label": "public-margin", "total": 50257}
{"completed": 26624, "elapsed_seconds": 9.372, "event": "orbit_search_progress", "label": "public-margin", "total": 50257}
{"completed": 27136, "elapsed_seconds": 9.501, "event": "orbit_search_progress", "label": "public-margin", "total": 50257}
{"completed": 27648, "elapsed_seconds": 9.629, "event": "orbit_search_progress", "label": "public-margin", "total": 50257}
{"completed": 28160, "elapsed_seconds": 9.759, "event": "orbit_search_progress", "label": "public-margin", "total": 50257}
{"completed": 28672, "elapsed_seconds": 9.888, "event": "orbit_search_progress", "label": "public-margin", "total": 50257}
{"completed": 29184, "elapsed_seconds": 10.017, "event": "orbit_search_progress", "label": "public-margin", "total": 50257}
{"completed": 29696, "elapsed_seconds": 10.146, "event": "orbit_search_progress", "label": "public-margin", "total": 50257}
{"completed": 30208, "elapsed_seconds": 10.288, "event": "orbit_search_progress", "label": "public-margin", "total": 50257}
{"completed": 30720, "elapsed_seconds": 10.417, "event": "orbit_search_progress", "label": "public-margin", "total": 50257}
{"completed": 31232, "elapsed_seconds": 10.548, "event": "orbit_search_progress", "label": "public-margin", "total": 50257}
{"completed": 31744, "elapsed_seconds": 11.221, "event": "orbit_search_progress", "label": "public-margin", "total": 50257}
{"completed": 32256, "elapsed_seconds": 11.669, "event": "orbit_search_progress", "label": "public-margin", "total": 50257}
{"completed": 32768, "elapsed_seconds": 11.802, "event": "orbit_search_progress", "label": "public-margin", "total": 50257}
{"completed": 33280, "elapsed_seconds": 11.933, "event": "orbit_search_progress", "label": "public-margin", "total": 50257}
{"completed": 33792, "elapsed_seconds": 12.063, "event": "orbit_search_progress", "label": "public-margin", "total": 50257}
{"completed": 34304, "elapsed_seconds": 12.191, "event": "orbit_search_progress", "label": "public-margin", "total": 50257}
{"completed": 34816, "elapsed_seconds": 12.348, "event": "orbit_search_progress", "label": "public-margin", "total": 50257}
{"completed": 35328, "elapsed_seconds": 12.477, "event": "orbit_search_progress", "label": "public-margin", "total": 50257}
{"completed": 35840, "elapsed_seconds": 12.773, "event": "orbit_search_progress", "label": "public-margin", "total": 50257}
{"completed": 36352, "elapsed_seconds": 12.902, "event": "orbit_search_progress", "label": "public-margin", "total": 50257}
{"completed": 36864, "elapsed_seconds": 13.03, "event": "orbit_search_progress", "label": "public-margin", "total": 50257}
{"completed": 37376, "elapsed_seconds": 13.162, "event": "orbit_search_progress", "label": "public-margin", "total": 50257}
{"completed": 37888, "elapsed_seconds": 13.332, "event": "orbit_search_progress", "label": "public-margin", "total": 50257}
{"completed": 38400, "elapsed_seconds": 13.478, "event": "orbit_search_progress", "label": "public-margin", "total": 50257}
{"completed": 38912, "elapsed_seconds": 14.376, "event": "orbit_search_progress", "label": "public-margin", "total": 50257}
{"completed": 39424, "elapsed_seconds": 14.594, "event": "orbit_search_progress", "label": "public-margin", "total": 50257}
{"completed": 39936, "elapsed_seconds": 14.725, "event": "orbit_search_progress", "label": "public-margin", "total": 50257}
{"completed": 40448, "elapsed_seconds": 14.854, "event": "orbit_search_progress", "label": "public-margin", "total": 50257}
{"completed": 40960, "elapsed_seconds": 14.983, "event": "orbit_search_progress", "label": "public-margin", "total": 50257}
{"completed": 41472, "elapsed_seconds": 15.111, "event": "orbit_search_progress", "label": "public-margin", "total": 50257}
{"completed": 41984, "elapsed_seconds": 15.255, "event": "orbit_search_progress", "label": "public-margin", "total": 50257}
{"completed": 42496, "elapsed_seconds": 15.383, "event": "orbit_search_progress", "label": "public-margin", "total": 50257}
{"completed": 43008, "elapsed_seconds": 15.511, "event": "orbit_search_progress", "label": "public-margin", "total": 50257}
{"completed": 43520, "elapsed_seconds": 15.639, "event": "orbit_search_progress", "label": "public-margin", "total": 50257}
{"completed": 44032, "elapsed_seconds": 15.768, "event": "orbit_search_progress", "label": "public-margin", "total": 50257}
{"completed": 44544, "elapsed_seconds": 15.897, "event": "orbit_search_progress", "label": "public-margin", "total": 50257}
{"completed": 45056, "elapsed_seconds": 16.027, "event": "orbit_search_progress", "label": "public-margin", "total": 50257}
{"completed": 45568, "elapsed_seconds": 16.156, "event": "orbit_search_progress", "label": "public-margin", "total": 50257}
{"completed": 46080, "elapsed_seconds": 16.31, "event": "orbit_search_progress", "label": "public-margin", "total": 50257}
{"completed": 46592, "elapsed_seconds": 16.834, "event": "orbit_search_progress", "label": "public-margin", "total": 50257}
{"completed": 47104, "elapsed_seconds": 17.427, "event": "orbit_search_progress", "label": "public-margin", "total": 50257}
{"completed": 47616, "elapsed_seconds": 17.556, "event": "orbit_search_progress", "label": "public-margin", "total": 50257}
{"completed": 48128, "elapsed_seconds": 17.684, "event": "orbit_search_progress", "label": "public-margin", "total": 50257}
{"completed": 48640, "elapsed_seconds": 17.815, "event": "orbit_search_progress", "label": "public-margin", "total": 50257}
{"completed": 49152, "elapsed_seconds": 17.943, "event": "orbit_search_progress", "label": "public-margin", "total": 50257}
{"completed": 49664, "elapsed_seconds": 18.072, "event": "orbit_search_progress", "label": "public-margin", "total": 50257}
{"completed": 50176, "elapsed_seconds": 18.213, "event": "orbit_search_progress", "label": "public-margin", "total": 50257}
{"completed": 50257, "elapsed_seconds": 18.329, "event": "orbit_search_progress", "label": "public-margin", "total": 50257}
{"changed_rows": 17772, "checkpoint": "/home/user/p050_journal_targets/checkpoints/stip_independent_embedding_frequency_f10_seed20260802.pt", "event": "complete", "output": "/home/user/p050_journal_targets/results/stip_independent_embedding_frequency_f10_seed20260802.json", "selected_rows": 17772, "validation_loss_after": 9.302402019500732, "validation_loss_before": 10.231216716766358}
	Command being timed: "python3 /home/user/p050_journal_targets/experiments/60_stip_independent_embedding_training.py --model gpt2 --cache-dir /home/user/p050_journal_targets/models --arrow /home/user/.cache/huggingface/datasets/BeIR___scifact/corpus/0.0.0/b3b5335604bf5ee3c4447671af975ea25143d4f5/scifact-corpus.arrow --arrow /home/user/.cache/huggingface/datasets/BeIR___nfcorpus/corpus/0.0.0/b5026a0e96e8a7ac4f95f482a596389289d46269/nfcorpus-corpus.arrow --output /home/user/p050_journal_targets/results/stip_independent_embedding_frequency_f10_seed20260802.json --checkpoint /home/user/p050_journal_targets/checkpoints/stip_independent_embedding_frequency_f10_seed20260802.pt --selection frequency --train-fraction 1.0 --steps 200 --batch-size 2 --sequence-length 64 --learning-rate 0.0005 --eval-batches 10 --max-tokens 500000 --orbit-batch-size 512 --threads 16 --log-every 20 --seed 20260802 --device cpu"
	User time (seconds): 3402.08
	System time (seconds): 288.83
	Percent of CPU this job got: 1389%
	Elapsed (wall clock) time (h:mm:ss or m:ss): 4:25.69
	Average shared text size (kbytes): 0
	Average unshared data size (kbytes): 0
	Average stack size (kbytes): 0
	Average total size (kbytes): 0
	Maximum resident set size (kbytes): 3569428
	Average resident set size (kbytes): 0
	Major (requiring I/O) page faults: 0
	Minor (reclaiming a frame) page faults: 53522835
	Voluntary context switches: 39195
	Involuntary context switches: 2887442
	Swaps: 0
	File system inputs: 0
	File system outputs: 107424
	Socket messages sent: 0
	Socket messages received: 0
	Signals delivered: 0
	Page size (bytes): 4096
	Exit status: 0
