=== CIFAR-10 logit stealing with spectral priors ===
device=cpu
{
  "teacher_path": "models/resnet20_seed0.pt",
  "data_root": "data",
  "query_budget": 5000,
  "batch_size": 128,
  "student_epochs": 10,
  "student_lr": 0.05,
  "weight_decay": 0.0001,
  "temperature": 4.0,
  "reg_lambda": 5.0,
  "distill_seeds": 10,
  "precision": 256,
  "prior_scope": "all",
  "output_path": "outputs/cifar_kd_q5000_e10_s10.json"
}
[teacher] loaded models/resnet20_seed0.pt: test_acc=82.84%
[queries] cached exact teacher logits for 5000 unlabeled images
[spectra] using 21 conv layers (all)
  conv1                shape=(16, 27) std=0.3937 mean_col_norm=1.5116
  layer1.0.conv1       shape=(16, 144) std=0.1506 mean_col_norm=0.5615
  layer1.0.conv2       shape=(16, 144) std=0.1419 mean_col_norm=0.5439
  layer1.1.conv1       shape=(16, 144) std=0.1266 mean_col_norm=0.4800
  layer1.1.conv2       shape=(16, 144) std=0.1169 mean_col_norm=0.4524
  layer1.2.conv1       shape=(16, 144) std=0.1096 mean_col_norm=0.4255
  ...
[baseline] seed=0 epoch 01/10: kd=8.3092, reg=0.000000, test_acc=24.23%
[baseline] seed=0 epoch 02/10: kd=6.8978, reg=0.000000, test_acc=25.84%
[baseline] seed=0 epoch 03/10: kd=6.2364, reg=0.000000, test_acc=28.48%
[baseline] seed=0 epoch 04/10: kd=5.5976, reg=0.000000, test_acc=34.84%
[baseline] seed=0 epoch 05/10: kd=5.1139, reg=0.000000, test_acc=40.61%
[baseline] seed=0 epoch 06/10: kd=4.4572, reg=0.000000, test_acc=44.03%
[baseline] seed=0 epoch 07/10: kd=4.1516, reg=0.000000, test_acc=45.70%
[baseline] seed=0 epoch 08/10: kd=3.6496, reg=0.000000, test_acc=47.79%
[baseline] seed=0 epoch 09/10: kd=3.4321, reg=0.000000, test_acc=49.55%
[baseline] seed=0 epoch 10/10: kd=3.2107, reg=0.000000, test_acc=51.02%
[baseline] seed=1 epoch 01/10: kd=7.7989, reg=0.000000, test_acc=15.31%
[baseline] seed=1 epoch 02/10: kd=6.3117, reg=0.000000, test_acc=26.21%
[baseline] seed=1 epoch 03/10: kd=5.8719, reg=0.000000, test_acc=33.32%
[baseline] seed=1 epoch 04/10: kd=5.1505, reg=0.000000, test_acc=37.97%
[baseline] seed=1 epoch 05/10: kd=4.6280, reg=0.000000, test_acc=38.36%
[baseline] seed=1 epoch 06/10: kd=4.0677, reg=0.000000, test_acc=41.49%
[baseline] seed=1 epoch 07/10: kd=3.6959, reg=0.000000, test_acc=49.37%
[baseline] seed=1 epoch 08/10: kd=3.3156, reg=0.000000, test_acc=48.31%
[baseline] seed=1 epoch 09/10: kd=3.0248, reg=0.000000, test_acc=50.38%
[baseline] seed=1 epoch 10/10: kd=2.8384, reg=0.000000, test_acc=52.87%
[baseline] seed=2 epoch 01/10: kd=8.1633, reg=0.000000, test_acc=17.59%
[baseline] seed=2 epoch 02/10: kd=6.9603, reg=0.000000, test_acc=29.63%
[baseline] seed=2 epoch 03/10: kd=6.1214, reg=0.000000, test_acc=29.17%
[baseline] seed=2 epoch 04/10: kd=5.6806, reg=0.000000, test_acc=37.58%
[baseline] seed=2 epoch 05/10: kd=5.0142, reg=0.000000, test_acc=33.82%
[baseline] seed=2 epoch 06/10: kd=4.4204, reg=0.000000, test_acc=44.09%
[baseline] seed=2 epoch 07/10: kd=4.1112, reg=0.000000, test_acc=45.46%
[baseline] seed=2 epoch 08/10: kd=3.7210, reg=0.000000, test_acc=45.33%
[baseline] seed=2 epoch 09/10: kd=3.5258, reg=0.000000, test_acc=50.17%
[baseline] seed=2 epoch 10/10: kd=3.3102, reg=0.000000, test_acc=51.47%
[baseline] seed=3 epoch 01/10: kd=8.0962, reg=0.000000, test_acc=19.91%
[baseline] seed=3 epoch 02/10: kd=6.8372, reg=0.000000, test_acc=26.67%
[baseline] seed=3 epoch 03/10: kd=6.0370, reg=0.000000, test_acc=33.47%
[baseline] seed=3 epoch 04/10: kd=5.8314, reg=0.000000, test_acc=31.99%
[baseline] seed=3 epoch 05/10: kd=5.0614, reg=0.000000, test_acc=40.84%
[baseline] seed=3 epoch 06/10: kd=4.5421, reg=0.000000, test_acc=43.19%
[baseline] seed=3 epoch 07/10: kd=4.1432, reg=0.000000, test_acc=45.36%
[baseline] seed=3 epoch 08/10: kd=3.7782, reg=0.000000, test_acc=47.99%
[baseline] seed=3 epoch 09/10: kd=3.5631, reg=0.000000, test_acc=49.60%
[baseline] seed=3 epoch 10/10: kd=3.4180, reg=0.000000, test_acc=49.82%
[baseline] seed=4 epoch 01/10: kd=8.2734, reg=0.000000, test_acc=13.89%
[baseline] seed=4 epoch 02/10: kd=6.7588, reg=0.000000, test_acc=32.53%
[baseline] seed=4 epoch 03/10: kd=6.1750, reg=0.000000, test_acc=35.35%
[baseline] seed=4 epoch 04/10: kd=5.5329, reg=0.000000, test_acc=38.47%
[baseline] seed=4 epoch 05/10: kd=5.0763, reg=0.000000, test_acc=39.27%
[baseline] seed=4 epoch 06/10: kd=4.3875, reg=0.000000, test_acc=44.28%
[baseline] seed=4 epoch 07/10: kd=4.0946, reg=0.000000, test_acc=47.67%
[baseline] seed=4 epoch 08/10: kd=3.5962, reg=0.000000, test_acc=48.68%
[baseline] seed=4 epoch 09/10: kd=3.3235, reg=0.000000, test_acc=51.26%
[baseline] seed=4 epoch 10/10: kd=3.0426, reg=0.000000, test_acc=52.41%
[baseline] seed=5 epoch 01/10: kd=7.7600, reg=0.000000, test_acc=16.70%
[baseline] seed=5 epoch 02/10: kd=6.3153, reg=0.000000, test_acc=28.08%
[baseline] seed=5 epoch 03/10: kd=5.6464, reg=0.000000, test_acc=38.95%
[baseline] seed=5 epoch 04/10: kd=5.0950, reg=0.000000, test_acc=38.59%
[baseline] seed=5 epoch 05/10: kd=4.5686, reg=0.000000, test_acc=42.88%
[baseline] seed=5 epoch 06/10: kd=4.2423, reg=0.000000, test_acc=45.55%
[baseline] seed=5 epoch 07/10: kd=3.6633, reg=0.000000, test_acc=46.10%
[baseline] seed=5 epoch 08/10: kd=3.3276, reg=0.000000, test_acc=50.47%
[baseline] seed=5 epoch 09/10: kd=3.0335, reg=0.000000, test_acc=52.46%
[baseline] seed=5 epoch 10/10: kd=2.8078, reg=0.000000, test_acc=52.77%
[baseline] seed=6 epoch 01/10: kd=7.9388, reg=0.000000, test_acc=12.59%
[baseline] seed=6 epoch 02/10: kd=6.6262, reg=0.000000, test_acc=21.32%
[baseline] seed=6 epoch 03/10: kd=5.6265, reg=0.000000, test_acc=34.44%
[baseline] seed=6 epoch 04/10: kd=5.0260, reg=0.000000, test_acc=35.20%
[baseline] seed=6 epoch 05/10: kd=4.4823, reg=0.000000, test_acc=37.82%
[baseline] seed=6 epoch 06/10: kd=4.0980, reg=0.000000, test_acc=43.44%
[baseline] seed=6 epoch 07/10: kd=3.5664, reg=0.000000, test_acc=48.46%
[baseline] seed=6 epoch 08/10: kd=3.1694, reg=0.000000, test_acc=51.54%
[baseline] seed=6 epoch 09/10: kd=2.9463, reg=0.000000, test_acc=53.03%
[baseline] seed=6 epoch 10/10: kd=2.8582, reg=0.000000, test_acc=54.50%
[baseline] seed=7 epoch 01/10: kd=7.9274, reg=0.000000, test_acc=13.16%
[baseline] seed=7 epoch 02/10: kd=6.6673, reg=0.000000, test_acc=31.99%
[baseline] seed=7 epoch 03/10: kd=5.8913, reg=0.000000, test_acc=24.66%
[baseline] seed=7 epoch 04/10: kd=5.7290, reg=0.000000, test_acc=31.52%
[baseline] seed=7 epoch 05/10: kd=5.1493, reg=0.000000, test_acc=39.22%
[baseline] seed=7 epoch 06/10: kd=4.6402, reg=0.000000, test_acc=40.07%
[baseline] seed=7 epoch 07/10: kd=4.2498, reg=0.000000, test_acc=44.35%
[baseline] seed=7 epoch 08/10: kd=3.8728, reg=0.000000, test_acc=46.71%
[baseline] seed=7 epoch 09/10: kd=3.5773, reg=0.000000, test_acc=46.43%
[baseline] seed=7 epoch 10/10: kd=3.3829, reg=0.000000, test_acc=48.85%
[baseline] seed=8 epoch 01/10: kd=7.6442, reg=0.000000, test_acc=16.42%
[baseline] seed=8 epoch 02/10: kd=6.6452, reg=0.000000, test_acc=32.57%
[baseline] seed=8 epoch 03/10: kd=5.9904, reg=0.000000, test_acc=36.71%
[baseline] seed=8 epoch 04/10: kd=5.4124, reg=0.000000, test_acc=37.88%
[baseline] seed=8 epoch 05/10: kd=4.8217, reg=0.000000, test_acc=40.66%
[baseline] seed=8 epoch 06/10: kd=4.3288, reg=0.000000, test_acc=39.42%
[baseline] seed=8 epoch 07/10: kd=3.8481, reg=0.000000, test_acc=45.42%
[baseline] seed=8 epoch 08/10: kd=3.6222, reg=0.000000, test_acc=48.93%
[baseline] seed=8 epoch 09/10: kd=3.3407, reg=0.000000, test_acc=50.99%
[baseline] seed=8 epoch 10/10: kd=3.0975, reg=0.000000, test_acc=51.53%
[baseline] seed=9 epoch 01/10: kd=8.1561, reg=0.000000, test_acc=22.68%
[baseline] seed=9 epoch 02/10: kd=6.6819, reg=0.000000, test_acc=33.64%
[baseline] seed=9 epoch 03/10: kd=5.7645, reg=0.000000, test_acc=38.56%
[baseline] seed=9 epoch 04/10: kd=5.2125, reg=0.000000, test_acc=35.72%
[baseline] seed=9 epoch 05/10: kd=5.0104, reg=0.000000, test_acc=40.36%
[baseline] seed=9 epoch 06/10: kd=4.5494, reg=0.000000, test_acc=42.78%
[baseline] seed=9 epoch 07/10: kd=3.9507, reg=0.000000, test_acc=45.98%
[baseline] seed=9 epoch 08/10: kd=3.7071, reg=0.000000, test_acc=49.32%
[baseline] seed=9 epoch 09/10: kd=3.3217, reg=0.000000, test_acc=51.59%
[baseline] seed=9 epoch 10/10: kd=2.9668, reg=0.000000, test_acc=52.27%
[ours] seed=0 epoch 01/10: kd=7.7778, reg=0.000394, test_acc=19.22%
[ours] seed=0 epoch 02/10: kd=6.4465, reg=0.004727, test_acc=28.54%
[ours] seed=0 epoch 03/10: kd=5.5964, reg=0.006573, test_acc=34.80%
[ours] seed=0 epoch 04/10: kd=4.6147, reg=0.006075, test_acc=35.21%
[ours] seed=0 epoch 05/10: kd=4.1397, reg=0.005807, test_acc=46.12%
[ours] seed=0 epoch 06/10: kd=3.3719, reg=0.005589, test_acc=43.96%
[ours] seed=0 epoch 07/10: kd=2.9836, reg=0.005468, test_acc=51.22%
[ours] seed=0 epoch 08/10: kd=2.4478, reg=0.005328, test_acc=56.57%
[ours] seed=0 epoch 09/10: kd=2.1949, reg=0.005177, test_acc=58.74%
[ours] seed=0 epoch 10/10: kd=2.0136, reg=0.005095, test_acc=59.28%
[ours] seed=1 epoch 01/10: kd=7.7640, reg=0.000721, test_acc=14.98%
[ours] seed=1 epoch 02/10: kd=5.9468, reg=0.003294, test_acc=23.93%
[ours] seed=1 epoch 03/10: kd=5.3505, reg=0.004222, test_acc=40.62%
[ours] seed=1 epoch 04/10: kd=4.3160, reg=0.005048, test_acc=41.70%
[ours] seed=1 epoch 05/10: kd=3.8123, reg=0.006194, test_acc=48.58%
[ours] seed=1 epoch 06/10: kd=3.0083, reg=0.006253, test_acc=49.64%
[ours] seed=1 epoch 07/10: kd=2.6012, reg=0.005977, test_acc=57.06%
[ours] seed=1 epoch 08/10: kd=2.2131, reg=0.005762, test_acc=59.81%
[ours] seed=1 epoch 09/10: kd=1.9238, reg=0.005606, test_acc=61.20%
[ours] seed=1 epoch 10/10: kd=1.7919, reg=0.005521, test_acc=62.07%
[ours] seed=2 epoch 01/10: kd=7.9628, reg=0.000356, test_acc=14.25%
[ours] seed=2 epoch 02/10: kd=5.8711, reg=0.003321, test_acc=30.90%
[ours] seed=2 epoch 03/10: kd=4.8100, reg=0.004673, test_acc=39.94%
[ours] seed=2 epoch 04/10: kd=3.8863, reg=0.004652, test_acc=48.88%
[ours] seed=2 epoch 05/10: kd=3.3068, reg=0.004775, test_acc=50.33%
[ours] seed=2 epoch 06/10: kd=2.8025, reg=0.004941, test_acc=54.39%
[ours] seed=2 epoch 07/10: kd=2.3303, reg=0.004819, test_acc=56.68%
[ours] seed=2 epoch 08/10: kd=1.9877, reg=0.004603, test_acc=58.18%
[ours] seed=2 epoch 09/10: kd=1.7975, reg=0.004472, test_acc=61.57%
[ours] seed=2 epoch 10/10: kd=1.7041, reg=0.004403, test_acc=61.87%
[ours] seed=3 epoch 01/10: kd=7.6393, reg=0.000300, test_acc=17.71%
[ours] seed=3 epoch 02/10: kd=6.0164, reg=0.002034, test_acc=29.75%
[ours] seed=3 epoch 03/10: kd=4.8461, reg=0.003653, test_acc=39.38%
[ours] seed=3 epoch 04/10: kd=4.4355, reg=0.004772, test_acc=39.56%
[ours] seed=3 epoch 05/10: kd=3.5445, reg=0.004997, test_acc=49.85%
[ours] seed=3 epoch 06/10: kd=2.9214, reg=0.004773, test_acc=52.18%
[ours] seed=3 epoch 07/10: kd=2.4932, reg=0.004547, test_acc=56.32%
[ours] seed=3 epoch 08/10: kd=2.0760, reg=0.004394, test_acc=59.21%
[ours] seed=3 epoch 09/10: kd=1.8750, reg=0.004258, test_acc=60.93%
[ours] seed=3 epoch 10/10: kd=1.7789, reg=0.004205, test_acc=61.45%
[ours] seed=4 epoch 01/10: kd=7.8757, reg=0.000446, test_acc=17.58%
[ours] seed=4 epoch 02/10: kd=6.0613, reg=0.001937, test_acc=31.43%
[ours] seed=4 epoch 03/10: kd=5.3810, reg=0.003009, test_acc=36.09%
[ours] seed=4 epoch 04/10: kd=4.4410, reg=0.003517, test_acc=40.21%
[ours] seed=4 epoch 05/10: kd=3.7967, reg=0.003984, test_acc=49.73%
[ours] seed=4 epoch 06/10: kd=3.0396, reg=0.004220, test_acc=52.15%
[ours] seed=4 epoch 07/10: kd=2.6577, reg=0.004209, test_acc=53.95%
[ours] seed=4 epoch 08/10: kd=2.2542, reg=0.004076, test_acc=59.59%
[ours] seed=4 epoch 09/10: kd=2.0047, reg=0.003958, test_acc=59.50%
[ours] seed=4 epoch 10/10: kd=1.7653, reg=0.003901, test_acc=61.16%
[ours] seed=5 epoch 01/10: kd=7.9275, reg=0.000708, test_acc=14.71%
[ours] seed=5 epoch 02/10: kd=6.1422, reg=0.002882, test_acc=32.29%
[ours] seed=5 epoch 03/10: kd=5.2830, reg=0.003664, test_acc=37.20%
[ours] seed=5 epoch 04/10: kd=4.4892, reg=0.004636, test_acc=42.51%
[ours] seed=5 epoch 05/10: kd=3.9387, reg=0.005082, test_acc=45.56%
[ours] seed=5 epoch 06/10: kd=3.5723, reg=0.005437, test_acc=50.71%
[ours] seed=5 epoch 07/10: kd=2.9092, reg=0.005457, test_acc=53.79%
[ours] seed=5 epoch 08/10: kd=2.5614, reg=0.005275, test_acc=56.30%
[ours] seed=5 epoch 09/10: kd=2.2793, reg=0.005126, test_acc=58.20%
[ours] seed=5 epoch 10/10: kd=2.1162, reg=0.005050, test_acc=58.46%
[ours] seed=6 epoch 01/10: kd=7.6369, reg=0.000411, test_acc=15.08%
[ours] seed=6 epoch 02/10: kd=5.6696, reg=0.002640, test_acc=26.79%
[ours] seed=6 epoch 03/10: kd=4.6925, reg=0.003761, test_acc=38.51%
[ours] seed=6 epoch 04/10: kd=3.8291, reg=0.004756, test_acc=46.78%
[ours] seed=6 epoch 05/10: kd=3.1588, reg=0.004975, test_acc=51.61%
[ours] seed=6 epoch 06/10: kd=2.6404, reg=0.004850, test_acc=43.24%
[ours] seed=6 epoch 07/10: kd=2.3048, reg=0.004719, test_acc=58.76%
[ours] seed=6 epoch 08/10: kd=1.8399, reg=0.004544, test_acc=59.73%
[ours] seed=6 epoch 09/10: kd=1.6448, reg=0.004391, test_acc=62.79%
[ours] seed=6 epoch 10/10: kd=1.5580, reg=0.004323, test_acc=62.82%
[ours] seed=7 epoch 01/10: kd=7.6188, reg=0.000304, test_acc=14.42%
[ours] seed=7 epoch 02/10: kd=5.6423, reg=0.002001, test_acc=31.16%
[ours] seed=7 epoch 03/10: kd=5.1764, reg=0.003193, test_acc=28.96%
[ours] seed=7 epoch 04/10: kd=4.3631, reg=0.003870, test_acc=45.55%
[ours] seed=7 epoch 05/10: kd=3.4702, reg=0.004184, test_acc=48.00%
[ours] seed=7 epoch 06/10: kd=2.9676, reg=0.004278, test_acc=53.79%
[ours] seed=7 epoch 07/10: kd=2.3825, reg=0.004200, test_acc=57.53%
[ours] seed=7 epoch 08/10: kd=2.0539, reg=0.004039, test_acc=58.62%
[ours] seed=7 epoch 09/10: kd=1.8001, reg=0.003933, test_acc=61.20%
[ours] seed=7 epoch 10/10: kd=1.6114, reg=0.003880, test_acc=61.79%
[ours] seed=8 epoch 01/10: kd=7.6043, reg=0.000446, test_acc=21.72%
[ours] seed=8 epoch 02/10: kd=6.1387, reg=0.001834, test_acc=30.72%
[ours] seed=8 epoch 03/10: kd=5.4437, reg=0.003073, test_acc=33.98%
[ours] seed=8 epoch 04/10: kd=4.5686, reg=0.003968, test_acc=37.97%
[ours] seed=8 epoch 05/10: kd=3.9814, reg=0.004513, test_acc=40.23%
[ours] seed=8 epoch 06/10: kd=3.3760, reg=0.004513, test_acc=51.43%
[ours] seed=8 epoch 07/10: kd=2.7824, reg=0.004321, test_acc=53.28%
[ours] seed=8 epoch 08/10: kd=2.4912, reg=0.004131, test_acc=54.25%
[ours] seed=8 epoch 09/10: kd=2.1939, reg=0.004017, test_acc=58.30%
[ours] seed=8 epoch 10/10: kd=1.9826, reg=0.003964, test_acc=58.41%
[ours] seed=9 epoch 01/10: kd=7.7039, reg=0.000557, test_acc=10.52%
[ours] seed=9 epoch 02/10: kd=6.3790, reg=0.003115, test_acc=35.62%
[ours] seed=9 epoch 03/10: kd=4.9213, reg=0.003903, test_acc=41.45%
[ours] seed=9 epoch 04/10: kd=4.2241, reg=0.004214, test_acc=48.51%
[ours] seed=9 epoch 05/10: kd=3.7227, reg=0.004657, test_acc=44.32%
[ours] seed=9 epoch 06/10: kd=3.1378, reg=0.004926, test_acc=43.91%
[ours] seed=9 epoch 07/10: kd=2.5433, reg=0.004844, test_acc=53.30%
[ours] seed=9 epoch 08/10: kd=2.2062, reg=0.004669, test_acc=58.84%
[ours] seed=9 epoch 09/10: kd=2.0803, reg=0.004525, test_acc=59.82%
[ours] seed=9 epoch 10/10: kd=1.8075, reg=0.004462, test_acc=60.74%

=== Summary ===
Teacher test accuracy: 82.84%
baseline final: 51.75% +- 1.53 (seeds=[51.02, 52.87, 51.47, 49.82, 52.41, 52.77, 54.5, 48.85, 51.53, 52.27])
  epoch 1: 17.25% +- 3.74
  epoch 2: 28.85% +- 3.73
  epoch 3: 33.31% +- 4.38
  epoch 4: 35.98% +- 2.47
  epoch 5: 39.38% +- 2.30
  epoch 6: 42.83% +- 1.85
  epoch 7: 46.39% +- 1.50
  epoch 8: 48.51% +- 1.68
  epoch 9: 50.55% +- 1.75
  epoch 10: 51.75% +- 1.53
ours     final: 60.80% +- 1.48 (seeds=[59.28, 62.07, 61.87, 61.45, 61.16, 58.46, 62.82, 61.79, 58.41, 60.74])
  epoch 1: 16.02% +- 2.96
  epoch 2: 30.11% +- 3.01
  epoch 3: 37.09% +- 3.59
  epoch 4: 42.69% +- 4.39
  epoch 5: 47.43% +- 3.25
  epoch 6: 49.54% +- 4.04
  epoch 7: 55.19% +- 2.27
  epoch 8: 58.11% +- 1.74
  epoch 9: 60.23% +- 1.47
  epoch 10: 60.80% +- 1.48
Improvement (ours - baseline): 9.05 points
Saved JSON summary to outputs/cifar_kd_q5000_e10_s10.json
