=== CIFAR-10 logit stealing with spectral priors ===
device=cpu
{
  "teacher_path": "models/resnet20_seed0.pt",
  "data_root": "data",
  "query_budget": 2000,
  "batch_size": 128,
  "student_epochs": 10,
  "student_lr": 0.05,
  "weight_decay": 0.0001,
  "temperature": 4.0,
  "reg_lambda": 5.0,
  "distill_seeds": 10,
  "precision": 256,
  "prior_scope": "all",
  "output_path": "outputs/cifar_kd_q2000_e10_s10.json"
}
[teacher] loaded models/resnet20_seed0.pt: test_acc=82.84%
[queries] cached exact teacher logits for 2000 unlabeled images
[spectra] using 21 conv layers (all)
  conv1                shape=(16, 27) std=0.3937 mean_col_norm=1.5116
  layer1.0.conv1       shape=(16, 144) std=0.1506 mean_col_norm=0.5615
  layer1.0.conv2       shape=(16, 144) std=0.1419 mean_col_norm=0.5439
  layer1.1.conv1       shape=(16, 144) std=0.1266 mean_col_norm=0.4800
  layer1.1.conv2       shape=(16, 144) std=0.1169 mean_col_norm=0.4524
  layer1.2.conv1       shape=(16, 144) std=0.1096 mean_col_norm=0.4255
  ...
[baseline] seed=0 epoch 01/10: kd=8.7829, reg=0.000000, test_acc=10.16%
[baseline] seed=0 epoch 02/10: kd=7.0614, reg=0.000000, test_acc=11.47%
[baseline] seed=0 epoch 03/10: kd=6.3695, reg=0.000000, test_acc=20.86%
[baseline] seed=0 epoch 04/10: kd=6.1709, reg=0.000000, test_acc=30.07%
[baseline] seed=0 epoch 05/10: kd=5.6397, reg=0.000000, test_acc=35.73%
[baseline] seed=0 epoch 06/10: kd=5.3194, reg=0.000000, test_acc=35.38%
[baseline] seed=0 epoch 07/10: kd=4.9691, reg=0.000000, test_acc=33.43%
[baseline] seed=0 epoch 08/10: kd=4.5593, reg=0.000000, test_acc=39.80%
[baseline] seed=0 epoch 09/10: kd=4.2003, reg=0.000000, test_acc=38.62%
[baseline] seed=0 epoch 10/10: kd=4.0060, reg=0.000000, test_acc=43.02%
[baseline] seed=1 epoch 01/10: kd=8.7751, reg=0.000000, test_acc=11.19%
[baseline] seed=1 epoch 02/10: kd=7.3339, reg=0.000000, test_acc=15.48%
[baseline] seed=1 epoch 03/10: kd=6.5907, reg=0.000000, test_acc=25.64%
[baseline] seed=1 epoch 04/10: kd=6.1438, reg=0.000000, test_acc=32.99%
[baseline] seed=1 epoch 05/10: kd=5.6868, reg=0.000000, test_acc=37.04%
[baseline] seed=1 epoch 06/10: kd=5.3948, reg=0.000000, test_acc=32.89%
[baseline] seed=1 epoch 07/10: kd=5.0132, reg=0.000000, test_acc=36.01%
[baseline] seed=1 epoch 08/10: kd=4.7802, reg=0.000000, test_acc=39.88%
[baseline] seed=1 epoch 09/10: kd=4.4376, reg=0.000000, test_acc=39.87%
[baseline] seed=1 epoch 10/10: kd=4.2762, reg=0.000000, test_acc=42.73%
[baseline] seed=2 epoch 01/10: kd=9.1691, reg=0.000000, test_acc=10.99%
[baseline] seed=2 epoch 02/10: kd=7.4545, reg=0.000000, test_acc=15.42%
[baseline] seed=2 epoch 03/10: kd=6.6376, reg=0.000000, test_acc=20.81%
[baseline] seed=2 epoch 04/10: kd=5.9507, reg=0.000000, test_acc=32.31%
[baseline] seed=2 epoch 05/10: kd=5.3894, reg=0.000000, test_acc=36.58%
[baseline] seed=2 epoch 06/10: kd=5.0573, reg=0.000000, test_acc=37.76%
[baseline] seed=2 epoch 07/10: kd=4.6602, reg=0.000000, test_acc=40.30%
[baseline] seed=2 epoch 08/10: kd=4.3880, reg=0.000000, test_acc=41.78%
[baseline] seed=2 epoch 09/10: kd=4.1170, reg=0.000000, test_acc=43.53%
[baseline] seed=2 epoch 10/10: kd=4.0203, reg=0.000000, test_acc=44.27%
[baseline] seed=3 epoch 01/10: kd=8.8761, reg=0.000000, test_acc=10.00%
[baseline] seed=3 epoch 02/10: kd=7.4696, reg=0.000000, test_acc=13.89%
[baseline] seed=3 epoch 03/10: kd=6.8174, reg=0.000000, test_acc=19.79%
[baseline] seed=3 epoch 04/10: kd=6.3348, reg=0.000000, test_acc=26.72%
[baseline] seed=3 epoch 05/10: kd=5.8843, reg=0.000000, test_acc=30.59%
[baseline] seed=3 epoch 06/10: kd=5.6975, reg=0.000000, test_acc=29.16%
[baseline] seed=3 epoch 07/10: kd=5.3894, reg=0.000000, test_acc=33.50%
[baseline] seed=3 epoch 08/10: kd=5.0940, reg=0.000000, test_acc=35.66%
[baseline] seed=3 epoch 09/10: kd=4.9369, reg=0.000000, test_acc=38.07%
[baseline] seed=3 epoch 10/10: kd=4.7684, reg=0.000000, test_acc=38.67%
[baseline] seed=4 epoch 01/10: kd=8.8089, reg=0.000000, test_acc=10.10%
[baseline] seed=4 epoch 02/10: kd=7.2643, reg=0.000000, test_acc=14.52%
[baseline] seed=4 epoch 03/10: kd=6.4735, reg=0.000000, test_acc=32.22%
[baseline] seed=4 epoch 04/10: kd=6.1001, reg=0.000000, test_acc=33.25%
[baseline] seed=4 epoch 05/10: kd=5.5770, reg=0.000000, test_acc=32.30%
[baseline] seed=4 epoch 06/10: kd=5.1288, reg=0.000000, test_acc=35.06%
[baseline] seed=4 epoch 07/10: kd=4.5944, reg=0.000000, test_acc=35.36%
[baseline] seed=4 epoch 08/10: kd=4.2959, reg=0.000000, test_acc=38.58%
[baseline] seed=4 epoch 09/10: kd=3.9791, reg=0.000000, test_acc=41.90%
[baseline] seed=4 epoch 10/10: kd=3.7552, reg=0.000000, test_acc=43.36%
[baseline] seed=5 epoch 01/10: kd=9.1184, reg=0.000000, test_acc=10.50%
[baseline] seed=5 epoch 02/10: kd=7.8868, reg=0.000000, test_acc=21.35%
[baseline] seed=5 epoch 03/10: kd=6.9019, reg=0.000000, test_acc=21.67%
[baseline] seed=5 epoch 04/10: kd=6.1672, reg=0.000000, test_acc=32.06%
[baseline] seed=5 epoch 05/10: kd=5.8743, reg=0.000000, test_acc=34.46%
[baseline] seed=5 epoch 06/10: kd=5.4425, reg=0.000000, test_acc=37.79%
[baseline] seed=5 epoch 07/10: kd=5.0337, reg=0.000000, test_acc=38.10%
[baseline] seed=5 epoch 08/10: kd=4.7299, reg=0.000000, test_acc=40.31%
[baseline] seed=5 epoch 09/10: kd=4.4754, reg=0.000000, test_acc=40.58%
[baseline] seed=5 epoch 10/10: kd=4.3259, reg=0.000000, test_acc=41.22%
[baseline] seed=6 epoch 01/10: kd=9.4176, reg=0.000000, test_acc=10.32%
[baseline] seed=6 epoch 02/10: kd=7.9648, reg=0.000000, test_acc=17.57%
[baseline] seed=6 epoch 03/10: kd=7.4453, reg=0.000000, test_acc=22.90%
[baseline] seed=6 epoch 04/10: kd=6.6407, reg=0.000000, test_acc=28.81%
[baseline] seed=6 epoch 05/10: kd=5.9613, reg=0.000000, test_acc=32.24%
[baseline] seed=6 epoch 06/10: kd=5.7432, reg=0.000000, test_acc=32.97%
[baseline] seed=6 epoch 07/10: kd=5.2693, reg=0.000000, test_acc=36.00%
[baseline] seed=6 epoch 08/10: kd=4.9575, reg=0.000000, test_acc=38.27%
[baseline] seed=6 epoch 09/10: kd=4.7103, reg=0.000000, test_acc=39.79%
[baseline] seed=6 epoch 10/10: kd=4.5236, reg=0.000000, test_acc=40.36%
[baseline] seed=7 epoch 01/10: kd=9.4733, reg=0.000000, test_acc=11.62%
[baseline] seed=7 epoch 02/10: kd=8.2187, reg=0.000000, test_acc=20.79%
[baseline] seed=7 epoch 03/10: kd=7.2152, reg=0.000000, test_acc=14.44%
[baseline] seed=7 epoch 04/10: kd=6.5282, reg=0.000000, test_acc=29.48%
[baseline] seed=7 epoch 05/10: kd=6.0290, reg=0.000000, test_acc=23.35%
[baseline] seed=7 epoch 06/10: kd=5.6848, reg=0.000000, test_acc=33.55%
[baseline] seed=7 epoch 07/10: kd=5.3822, reg=0.000000, test_acc=38.47%
[baseline] seed=7 epoch 08/10: kd=4.9588, reg=0.000000, test_acc=39.20%
[baseline] seed=7 epoch 09/10: kd=4.6763, reg=0.000000, test_acc=39.10%
[baseline] seed=7 epoch 10/10: kd=4.4743, reg=0.000000, test_acc=41.83%
[baseline] seed=8 epoch 01/10: kd=8.6881, reg=0.000000, test_acc=10.20%
[baseline] seed=8 epoch 02/10: kd=7.0414, reg=0.000000, test_acc=10.86%
[baseline] seed=8 epoch 03/10: kd=6.6751, reg=0.000000, test_acc=29.42%
[baseline] seed=8 epoch 04/10: kd=6.1236, reg=0.000000, test_acc=31.20%
[baseline] seed=8 epoch 05/10: kd=5.8100, reg=0.000000, test_acc=32.01%
[baseline] seed=8 epoch 06/10: kd=5.4111, reg=0.000000, test_acc=37.36%
[baseline] seed=8 epoch 07/10: kd=5.0149, reg=0.000000, test_acc=35.82%
[baseline] seed=8 epoch 08/10: kd=4.7209, reg=0.000000, test_acc=39.68%
[baseline] seed=8 epoch 09/10: kd=4.3941, reg=0.000000, test_acc=37.07%
[baseline] seed=8 epoch 10/10: kd=4.2247, reg=0.000000, test_acc=41.03%
[baseline] seed=9 epoch 01/10: kd=8.9832, reg=0.000000, test_acc=14.57%
[baseline] seed=9 epoch 02/10: kd=7.3799, reg=0.000000, test_acc=14.60%
[baseline] seed=9 epoch 03/10: kd=6.5468, reg=0.000000, test_acc=26.20%
[baseline] seed=9 epoch 04/10: kd=6.0296, reg=0.000000, test_acc=30.30%
[baseline] seed=9 epoch 05/10: kd=5.4954, reg=0.000000, test_acc=36.20%
[baseline] seed=9 epoch 06/10: kd=4.9791, reg=0.000000, test_acc=34.43%
[baseline] seed=9 epoch 07/10: kd=4.8584, reg=0.000000, test_acc=37.77%
[baseline] seed=9 epoch 08/10: kd=4.4786, reg=0.000000, test_acc=38.76%
[baseline] seed=9 epoch 09/10: kd=4.1341, reg=0.000000, test_acc=41.28%
[baseline] seed=9 epoch 10/10: kd=3.9704, reg=0.000000, test_acc=43.15%
[ours] seed=0 epoch 01/10: kd=9.1061, reg=0.000025, test_acc=10.00%
[ours] seed=0 epoch 02/10: kd=7.0273, reg=0.000516, test_acc=19.21%
[ours] seed=0 epoch 03/10: kd=6.1833, reg=0.001365, test_acc=24.95%
[ours] seed=0 epoch 04/10: kd=5.4516, reg=0.001747, test_acc=33.69%
[ours] seed=0 epoch 05/10: kd=4.8676, reg=0.001906, test_acc=38.08%
[ours] seed=0 epoch 06/10: kd=4.4340, reg=0.002014, test_acc=34.52%
[ours] seed=0 epoch 07/10: kd=3.9192, reg=0.002063, test_acc=40.31%
[ours] seed=0 epoch 08/10: kd=3.4430, reg=0.002079, test_acc=45.53%
[ours] seed=0 epoch 09/10: kd=3.0889, reg=0.002076, test_acc=45.88%
[ours] seed=0 epoch 10/10: kd=2.9038, reg=0.002067, test_acc=47.80%
[ours] seed=1 epoch 01/10: kd=9.1454, reg=0.000021, test_acc=10.37%
[ours] seed=1 epoch 02/10: kd=8.6839, reg=0.002174, test_acc=11.72%
[ours] seed=1 epoch 03/10: kd=6.8772, reg=0.006696, test_acc=19.93%
[ours] seed=1 epoch 04/10: kd=6.1941, reg=0.007977, test_acc=31.93%
[ours] seed=1 epoch 05/10: kd=5.7084, reg=0.007795, test_acc=29.55%
[ours] seed=1 epoch 06/10: kd=5.2851, reg=0.007446, test_acc=34.03%
[ours] seed=1 epoch 07/10: kd=4.8007, reg=0.007127, test_acc=37.24%
[ours] seed=1 epoch 08/10: kd=4.4735, reg=0.006931, test_acc=39.37%
[ours] seed=1 epoch 09/10: kd=4.1714, reg=0.006813, test_acc=40.37%
[ours] seed=1 epoch 10/10: kd=4.0545, reg=0.006762, test_acc=41.61%
[ours] seed=2 epoch 01/10: kd=8.9208, reg=0.000028, test_acc=11.28%
[ours] seed=2 epoch 02/10: kd=7.0649, reg=0.000415, test_acc=14.13%
[ours] seed=2 epoch 03/10: kd=6.1477, reg=0.001390, test_acc=25.09%
[ours] seed=2 epoch 04/10: kd=5.5212, reg=0.002122, test_acc=29.32%
[ours] seed=2 epoch 05/10: kd=4.8818, reg=0.002356, test_acc=39.62%
[ours] seed=2 epoch 06/10: kd=4.2455, reg=0.002399, test_acc=39.25%
[ours] seed=2 epoch 07/10: kd=3.7666, reg=0.002367, test_acc=40.12%
[ours] seed=2 epoch 08/10: kd=3.4115, reg=0.002350, test_acc=46.37%
[ours] seed=2 epoch 09/10: kd=3.0451, reg=0.002331, test_acc=47.58%
[ours] seed=2 epoch 10/10: kd=2.9371, reg=0.002321, test_acc=49.12%
[ours] seed=3 epoch 01/10: kd=9.2023, reg=0.000027, test_acc=14.11%
[ours] seed=3 epoch 02/10: kd=7.2431, reg=0.000875, test_acc=12.68%
[ours] seed=3 epoch 03/10: kd=6.3114, reg=0.002317, test_acc=16.25%
[ours] seed=3 epoch 04/10: kd=5.5736, reg=0.002827, test_acc=32.50%
[ours] seed=3 epoch 05/10: kd=4.8626, reg=0.002946, test_acc=28.42%
[ours] seed=3 epoch 06/10: kd=4.5105, reg=0.003018, test_acc=34.41%
[ours] seed=3 epoch 07/10: kd=4.0843, reg=0.003028, test_acc=41.47%
[ours] seed=3 epoch 08/10: kd=3.5143, reg=0.003021, test_acc=46.41%
[ours] seed=3 epoch 09/10: kd=3.1485, reg=0.002999, test_acc=48.29%
[ours] seed=3 epoch 10/10: kd=2.9058, reg=0.002983, test_acc=49.06%
[ours] seed=4 epoch 01/10: kd=8.6914, reg=0.000031, test_acc=10.91%
[ours] seed=4 epoch 02/10: kd=6.6799, reg=0.000691, test_acc=18.90%
[ours] seed=4 epoch 03/10: kd=5.6049, reg=0.001831, test_acc=31.31%
[ours] seed=4 epoch 04/10: kd=5.0048, reg=0.002516, test_acc=38.33%
[ours] seed=4 epoch 05/10: kd=4.3960, reg=0.002867, test_acc=28.76%
[ours] seed=4 epoch 06/10: kd=3.8437, reg=0.003049, test_acc=35.11%
[ours] seed=4 epoch 07/10: kd=3.2715, reg=0.003147, test_acc=46.84%
[ours] seed=4 epoch 08/10: kd=2.7794, reg=0.003156, test_acc=49.27%
[ours] seed=4 epoch 09/10: kd=2.5184, reg=0.003116, test_acc=50.05%
[ours] seed=4 epoch 10/10: kd=2.3159, reg=0.003100, test_acc=52.29%
[ours] seed=5 epoch 01/10: kd=8.9141, reg=0.000022, test_acc=15.00%
[ours] seed=5 epoch 02/10: kd=7.3738, reg=0.000660, test_acc=10.04%
[ours] seed=5 epoch 03/10: kd=6.1500, reg=0.001741, test_acc=30.77%
[ours] seed=5 epoch 04/10: kd=5.4205, reg=0.002273, test_acc=28.90%
[ours] seed=5 epoch 05/10: kd=4.9124, reg=0.002453, test_acc=38.01%
[ours] seed=5 epoch 06/10: kd=4.3455, reg=0.002533, test_acc=39.87%
[ours] seed=5 epoch 07/10: kd=3.8908, reg=0.002534, test_acc=41.34%
[ours] seed=5 epoch 08/10: kd=3.3853, reg=0.002532, test_acc=46.70%
[ours] seed=5 epoch 09/10: kd=3.0746, reg=0.002528, test_acc=45.09%
[ours] seed=5 epoch 10/10: kd=2.9484, reg=0.002520, test_acc=47.12%
[ours] seed=6 epoch 01/10: kd=8.7638, reg=0.000024, test_acc=12.72%
[ours] seed=6 epoch 02/10: kd=7.0952, reg=0.000429, test_acc=18.16%
[ours] seed=6 epoch 03/10: kd=5.9660, reg=0.001675, test_acc=21.58%
[ours] seed=6 epoch 04/10: kd=5.2446, reg=0.002339, test_acc=37.97%
[ours] seed=6 epoch 05/10: kd=4.6226, reg=0.002594, test_acc=42.03%
[ours] seed=6 epoch 06/10: kd=3.9958, reg=0.002714, test_acc=37.95%
[ours] seed=6 epoch 07/10: kd=3.5659, reg=0.002734, test_acc=40.00%
[ours] seed=6 epoch 08/10: kd=3.0697, reg=0.002699, test_acc=45.50%
[ours] seed=6 epoch 09/10: kd=2.7624, reg=0.002659, test_acc=49.30%
[ours] seed=6 epoch 10/10: kd=2.5656, reg=0.002634, test_acc=50.11%
[ours] seed=7 epoch 01/10: kd=8.8732, reg=0.000017, test_acc=14.07%
[ours] seed=7 epoch 02/10: kd=7.4262, reg=0.000419, test_acc=15.16%
[ours] seed=7 epoch 03/10: kd=6.1804, reg=0.001506, test_acc=27.49%
[ours] seed=7 epoch 04/10: kd=5.3034, reg=0.002077, test_acc=33.59%
[ours] seed=7 epoch 05/10: kd=4.7467, reg=0.002261, test_acc=33.18%
[ours] seed=7 epoch 06/10: kd=4.3267, reg=0.002351, test_acc=40.95%
[ours] seed=7 epoch 07/10: kd=3.8002, reg=0.002382, test_acc=43.61%
[ours] seed=7 epoch 08/10: kd=3.3001, reg=0.002377, test_acc=45.67%
[ours] seed=7 epoch 09/10: kd=2.9409, reg=0.002357, test_acc=46.09%
[ours] seed=7 epoch 10/10: kd=2.7031, reg=0.002340, test_acc=48.27%
[ours] seed=8 epoch 01/10: kd=8.4153, reg=0.000027, test_acc=10.01%
[ours] seed=8 epoch 02/10: kd=6.9272, reg=0.000350, test_acc=10.33%
[ours] seed=8 epoch 03/10: kd=6.2669, reg=0.000933, test_acc=30.03%
[ours] seed=8 epoch 04/10: kd=5.4502, reg=0.001302, test_acc=35.51%
[ours] seed=8 epoch 05/10: kd=4.8931, reg=0.001472, test_acc=35.23%
[ours] seed=8 epoch 06/10: kd=4.3029, reg=0.001572, test_acc=40.06%
[ours] seed=8 epoch 07/10: kd=3.8309, reg=0.001664, test_acc=43.16%
[ours] seed=8 epoch 08/10: kd=3.4181, reg=0.001703, test_acc=43.51%
[ours] seed=8 epoch 09/10: kd=3.0045, reg=0.001692, test_acc=46.51%
[ours] seed=8 epoch 10/10: kd=2.8211, reg=0.001688, test_acc=47.81%
[ours] seed=9 epoch 01/10: kd=8.9167, reg=0.000021, test_acc=14.05%
[ours] seed=9 epoch 02/10: kd=6.9633, reg=0.000404, test_acc=19.69%
[ours] seed=9 epoch 03/10: kd=5.9625, reg=0.001270, test_acc=20.49%
[ours] seed=9 epoch 04/10: kd=5.3630, reg=0.001920, test_acc=26.67%
[ours] seed=9 epoch 05/10: kd=4.6545, reg=0.002178, test_acc=36.66%
[ours] seed=9 epoch 06/10: kd=4.0194, reg=0.002278, test_acc=36.01%
[ours] seed=9 epoch 07/10: kd=3.6074, reg=0.002285, test_acc=42.13%
[ours] seed=9 epoch 08/10: kd=3.3106, reg=0.002249, test_acc=46.85%
[ours] seed=9 epoch 09/10: kd=2.9443, reg=0.002225, test_acc=48.77%
[ours] seed=9 epoch 10/10: kd=2.7313, reg=0.002213, test_acc=49.51%

=== Summary ===
Teacher test accuracy: 82.84%
baseline final: 41.96% +- 1.59 (seeds=[43.02, 42.73, 44.27, 38.67, 43.36, 41.22, 40.36, 41.83, 41.03, 43.15])
  epoch 1: 10.96% +- 1.30
  epoch 2: 15.60% +- 3.29
  epoch 3: 23.39% +- 4.86
  epoch 4: 30.72% +- 1.95
  epoch 5: 33.05% +- 3.87
  epoch 6: 34.64% +- 2.55
  epoch 7: 36.48% +- 2.08
  epoch 8: 39.19% +- 1.51
  epoch 9: 39.98% +- 1.82
  epoch 10: 41.96% +- 1.59
ours     final: 48.27% +- 2.62 (seeds=[47.8, 41.61, 49.12, 49.06, 52.29, 47.12, 50.11, 48.27, 47.81, 49.51])
  epoch 1: 12.25% +- 1.85
  epoch 2: 15.00% +- 3.58
  epoch 3: 24.79% +- 4.88
  epoch 4: 32.84% +- 3.63
  epoch 5: 34.95% +- 4.55
  epoch 6: 37.22% +- 2.55
  epoch 7: 41.62% +- 2.44
  epoch 8: 45.52% +- 2.46
  epoch 9: 46.79% +- 2.63
  epoch 10: 48.27% +- 2.62
Improvement (ours - baseline): 6.31 points
Saved JSON summary to outputs/cifar_kd_q2000_e10_s10.json
