Warning: You are sending unauthenticated requests to the HF Hub. Please set a HF_TOKEN to enable higher rate limits and faster downloads.
`torch_dtype` is deprecated! Use `dtype` instead!
Loading weights:   0%|          | 0/292 [00:00<?, ?it/s]Loading weights: 100%|██████████| 292/292 [00:00<00:00, 3707.43it/s]
hidden extraction 8/256
hidden extraction 16/256
hidden extraction 24/256
hidden extraction 32/256
hidden extraction 40/256
hidden extraction 48/256
hidden extraction 56/256
hidden extraction 64/256
hidden extraction 72/256
hidden extraction 80/256
hidden extraction 88/256
hidden extraction 96/256
hidden extraction 104/256
hidden extraction 112/256
hidden extraction 120/256
hidden extraction 128/256
hidden extraction 136/256
hidden extraction 144/256
hidden extraction 152/256
hidden extraction 160/256
hidden extraction 168/256
hidden extraction 176/256
hidden extraction 184/256
hidden extraction 192/256
hidden extraction 200/256
hidden extraction 208/256
hidden extraction 216/256
hidden extraction 224/256
hidden extraction 232/256
hidden extraction 240/256
hidden extraction 248/256
hidden extraction 256/256
{"elapsed_seconds": 3.835982322692871, "exact_candidate_unions": 10, "exact_sets": 10, "layer": 8, "max_observed_condition": 341.9573474437742, "max_true_score": 2.7703776023750933e-07, "mean_candidate_union_excess": 0.0, "mean_candidate_union_recall": 1.0, "mean_candidate_union_size": 4.0, "mean_control_recall": 0.0, "mean_recall": 1.0, "min_false_score": 0.19545303608922968, "min_gap": 0.19545286393965827, "mix_condition": 1.0, "mixing": "orthogonal", "precision": "float32", "rank_max": 67, "rank_min": 67, "row_max": 67, "row_min": 67, "shield_fraction": 0.05, "shield_kind": "gaussian", "shield_scale": 10.0}
{"elapsed_seconds": 4.16788911819458, "exact_candidate_unions": 10, "exact_sets": 10, "layer": 8, "max_observed_condition": 251195703.53252202, "max_true_score": 2.0972584458324243e-06, "mean_candidate_union_excess": 0.0, "mean_candidate_union_recall": 1.0, "mean_candidate_union_size": 4.0, "mean_control_recall": 0.0, "mean_recall": 1.0, "min_false_score": 0.09283522823479005, "min_gap": 0.09283313097634423, "mix_condition": 50.0, "mixing": "non_orthogonal", "precision": "float32", "rank_max": 67, "rank_min": 67, "row_max": 67, "row_min": 67, "shield_fraction": 0.05, "shield_kind": "gaussian", "shield_scale": 10.0}
{"elapsed_seconds": 3.31190824508667, "exact_candidate_unions": 10, "exact_sets": 10, "layer": 8, "max_observed_condition": 621.9159118336802, "max_true_score": 0.02493165014415432, "mean_candidate_union_excess": 0.0, "mean_candidate_union_recall": 1.0, "mean_candidate_union_size": 4.0, "mean_control_recall": 0.0, "mean_recall": 1.0, "min_false_score": 0.1667245314194622, "min_gap": 0.14597321512348876, "mix_condition": 1.0, "mixing": "orthogonal", "precision": "bfloat16", "rank_max": 71, "rank_min": 71, "row_max": 71, "row_min": 71, "shield_fraction": 0.12, "shield_kind": "gaussian", "shield_scale": 25.0}
{"elapsed_seconds": 5.142440557479858, "exact_candidate_unions": 10, "exact_sets": 10, "layer": 8, "max_observed_condition": 2892.822540256129, "max_true_score": 0.1320816766819296, "mean_candidate_union_excess": 0.0, "mean_candidate_union_recall": 1.0, "mean_candidate_union_size": 4.0, "mean_control_recall": 0.0, "mean_recall": 1.0, "min_false_score": 0.2217802173431512, "min_gap": 0.09497791806042133, "mix_condition": 50.0, "mixing": "non_orthogonal", "precision": "bfloat16", "rank_max": 71, "rank_min": 71, "row_max": 71, "row_min": 71, "shield_fraction": 0.12, "shield_kind": "gaussian", "shield_scale": 25.0}
{"elapsed_seconds": 3.4080402851104736, "exact_candidate_unions": 1, "exact_sets": 10, "layer": 8, "max_observed_condition": 203214763.62430933, "max_true_score": 2.92202511267008e-07, "mean_candidate_union_excess": 1.0, "mean_candidate_union_recall": 0.8200000000000001, "mean_candidate_union_size": 5.0, "mean_control_recall": 0.025, "mean_recall": 1.0, "min_false_score": 0.14956248200197528, "min_gap": 0.14956232024673344, "mix_condition": 1.0, "mixing": "orthogonal", "precision": "float32", "rank_max": 67, "rank_min": 67, "row_max": 67, "row_min": 67, "shield_fraction": 0.05, "shield_kind": "manifold", "shield_scale": 10.0}
{"elapsed_seconds": 4.530597925186157, "exact_candidate_unions": 10, "exact_sets": 10, "layer": 8, "max_observed_condition": 24731.429073241332, "max_true_score": 0.11756700748630501, "mean_candidate_union_excess": 1.0, "mean_candidate_union_recall": 1.0, "mean_candidate_union_size": 5.0, "mean_control_recall": 0.025, "mean_recall": 1.0, "min_false_score": 0.10914077710401925, "min_gap": 0.005626107633039265, "mix_condition": 50.0, "mixing": "non_orthogonal", "precision": "bfloat16", "rank_max": 72, "rank_min": 72, "row_max": 72, "row_min": 72, "shield_fraction": 0.14, "shield_kind": "manifold", "shield_scale": 30.0}
{"elapsed_seconds": 3.4530959129333496, "exact_candidate_unions": 10, "exact_sets": 10, "layer": 16, "max_observed_condition": 269.6953735778771, "max_true_score": 2.347755203052675e-07, "mean_candidate_union_excess": 0.0, "mean_candidate_union_recall": 1.0, "mean_candidate_union_size": 4.0, "mean_control_recall": 0.025, "mean_recall": 1.0, "min_false_score": 0.21907974631205523, "min_gap": 0.21907954044440425, "mix_condition": 1.0, "mixing": "orthogonal", "precision": "float32", "rank_max": 67, "rank_min": 67, "row_max": 67, "row_min": 67, "shield_fraction": 0.05, "shield_kind": "gaussian", "shield_scale": 10.0}
{"elapsed_seconds": 4.632363319396973, "exact_candidate_unions": 10, "exact_sets": 10, "layer": 16, "max_observed_condition": 81123628.36775559, "max_true_score": 1.4963585111083615e-06, "mean_candidate_union_excess": 0.0, "mean_candidate_union_recall": 1.0, "mean_candidate_union_size": 4.0, "mean_control_recall": 0.0, "mean_recall": 1.0, "min_false_score": 0.20836874605949737, "min_gap": 0.2083675948514684, "mix_condition": 50.0, "mixing": "non_orthogonal", "precision": "float32", "rank_max": 67, "rank_min": 67, "row_max": 67, "row_min": 67, "shield_fraction": 0.05, "shield_kind": "gaussian", "shield_scale": 10.0}
{"elapsed_seconds": 3.7571699619293213, "exact_candidate_unions": 10, "exact_sets": 10, "layer": 16, "max_observed_condition": 2339.0886954369207, "max_true_score": 0.02362158136248882, "mean_candidate_union_excess": 0.0, "mean_candidate_union_recall": 1.0, "mean_candidate_union_size": 4.0, "mean_control_recall": 0.0, "mean_recall": 1.0, "min_false_score": 0.1977798364920084, "min_gap": 0.17700793541478077, "mix_condition": 1.0, "mixing": "orthogonal", "precision": "bfloat16", "rank_max": 71, "rank_min": 71, "row_max": 71, "row_min": 71, "shield_fraction": 0.12, "shield_kind": "gaussian", "shield_scale": 25.0}
{"elapsed_seconds": 3.2817270755767822, "exact_candidate_unions": 10, "exact_sets": 10, "layer": 16, "max_observed_condition": 3140.4129327407077, "max_true_score": 0.13448413972396345, "mean_candidate_union_excess": 0.0, "mean_candidate_union_recall": 1.0, "mean_candidate_union_size": 4.0, "mean_control_recall": 0.025, "mean_recall": 1.0, "min_false_score": 0.25621701330625585, "min_gap": 0.15724206526090972, "mix_condition": 50.0, "mixing": "non_orthogonal", "precision": "bfloat16", "rank_max": 71, "rank_min": 71, "row_max": 71, "row_min": 71, "shield_fraction": 0.12, "shield_kind": "gaussian", "shield_scale": 25.0}
{"elapsed_seconds": 2.9948079586029053, "exact_candidate_unions": 3, "exact_sets": 10, "layer": 16, "max_observed_condition": 774.6944102784729, "max_true_score": 2.3474630019089177e-07, "mean_candidate_union_excess": 1.0, "mean_candidate_union_recall": 0.8600000000000001, "mean_candidate_union_size": 5.0, "mean_control_recall": 0.0, "mean_recall": 1.0, "min_false_score": 0.21436921323243424, "min_gap": 0.21436898935325127, "mix_condition": 1.0, "mixing": "orthogonal", "precision": "float32", "rank_max": 67, "rank_min": 67, "row_max": 67, "row_min": 67, "shield_fraction": 0.05, "shield_kind": "manifold", "shield_scale": 10.0}
{"elapsed_seconds": 4.690280914306641, "exact_candidate_unions": 10, "exact_sets": 10, "layer": 16, "max_observed_condition": 10059.029898816552, "max_true_score": 0.10797619598187806, "mean_candidate_union_excess": 1.0, "mean_candidate_union_recall": 1.0, "mean_candidate_union_size": 5.0, "mean_control_recall": 0.025, "mean_recall": 1.0, "min_false_score": 0.1313497240813658, "min_gap": 0.028312712664123454, "mix_condition": 50.0, "mixing": "non_orthogonal", "precision": "bfloat16", "rank_max": 72, "rank_min": 72, "row_max": 72, "row_min": 72, "shield_fraction": 0.14, "shield_kind": "manifold", "shield_scale": 30.0}
{"elapsed_seconds": 3.224985122680664, "exact_candidate_unions": 10, "exact_sets": 10, "layer": 24, "max_observed_condition": 144771719.85280186, "max_true_score": 1.5627971940440006e-07, "mean_candidate_union_excess": 0.0, "mean_candidate_union_recall": 1.0, "mean_candidate_union_size": 4.0, "mean_control_recall": 0.025, "mean_recall": 1.0, "min_false_score": 0.02449941989345837, "min_gap": 0.024499318273061742, "mix_condition": 1.0, "mixing": "orthogonal", "precision": "float32", "rank_max": 67, "rank_min": 67, "row_max": 67, "row_min": 67, "shield_fraction": 0.05, "shield_kind": "gaussian", "shield_scale": 10.0}
{"elapsed_seconds": 3.2917568683624268, "exact_candidate_unions": 10, "exact_sets": 10, "layer": 24, "max_observed_condition": 176302346.7964166, "max_true_score": 8.977422995977523e-07, "mean_candidate_union_excess": 0.0, "mean_candidate_union_recall": 1.0, "mean_candidate_union_size": 4.0, "mean_control_recall": 0.025, "mean_recall": 1.0, "min_false_score": 0.025410349515707642, "min_gap": 0.02540973412399943, "mix_condition": 50.0, "mixing": "non_orthogonal", "precision": "float32", "rank_max": 67, "rank_min": 67, "row_max": 67, "row_min": 67, "shield_fraction": 0.05, "shield_kind": "gaussian", "shield_scale": 10.0}
{"elapsed_seconds": 3.3496952056884766, "exact_candidate_unions": 10, "exact_sets": 10, "layer": 24, "max_observed_condition": 2287.6514033264702, "max_true_score": 0.018405721392077558, "mean_candidate_union_excess": 0.0, "mean_candidate_union_recall": 1.0, "mean_candidate_union_size": 4.0, "mean_control_recall": 0.0, "mean_recall": 1.0, "min_false_score": 0.027931894414280307, "min_gap": 0.014120973413435278, "mix_condition": 1.0, "mixing": "orthogonal", "precision": "bfloat16", "rank_max": 71, "rank_min": 71, "row_max": 71, "row_min": 71, "shield_fraction": 0.12, "shield_kind": "gaussian", "shield_scale": 25.0}
{"elapsed_seconds": 4.0748021602630615, "exact_candidate_unions": 7, "exact_sets": 7, "layer": 24, "max_observed_condition": 4367.583575507614, "max_true_score": 0.04041151029879618, "mean_candidate_union_excess": 0.0, "mean_candidate_union_recall": 0.925, "mean_candidate_union_size": 4.0, "mean_control_recall": 0.075, "mean_recall": 0.925, "min_false_score": 0.03328190112284318, "min_gap": -0.005144386361950762, "mix_condition": 50.0, "mixing": "non_orthogonal", "precision": "bfloat16", "rank_max": 71, "rank_min": 71, "row_max": 71, "row_min": 71, "shield_fraction": 0.12, "shield_kind": "gaussian", "shield_scale": 25.0}
{"elapsed_seconds": 3.0575480461120605, "exact_candidate_unions": 4, "exact_sets": 10, "layer": 24, "max_observed_condition": 1169783834.1877246, "max_true_score": 5.822723170069795e-08, "mean_candidate_union_excess": 1.0, "mean_candidate_union_recall": 0.8800000000000001, "mean_candidate_union_size": 5.0, "mean_control_recall": 0.025, "mean_recall": 1.0, "min_false_score": 0.023492981860205344, "min_gap": 0.02349295016142221, "mix_condition": 1.0, "mixing": "orthogonal", "precision": "float32", "rank_max": 67, "rank_min": 67, "row_max": 67, "row_min": 67, "shield_fraction": 0.05, "shield_kind": "manifold", "shield_scale": 10.0}
{"elapsed_seconds": 3.6237106323242188, "exact_candidate_unions": 10, "exact_sets": 9, "layer": 24, "max_observed_condition": 75275.40473633209, "max_true_score": 0.016154580966897703, "mean_candidate_union_excess": 1.0, "mean_candidate_union_recall": 1.0, "mean_candidate_union_size": 5.0, "mean_control_recall": 0.025, "mean_recall": 0.975, "min_false_score": 0.013793273252824402, "min_gap": -0.00044400739796286726, "mix_condition": 50.0, "mixing": "non_orthogonal", "precision": "bfloat16", "rank_max": 72, "rank_min": 72, "row_max": 72, "row_min": 72, "shield_fraction": 0.14, "shield_kind": "manifold", "shield_scale": 30.0}
wrote outputs/invariant_obfuscation/gelo_official_dataset_gpt2medium_256x32_10trial_20260802.json
