Warning: You are sending unauthenticated requests to the HF Hub. Please set a HF_TOKEN to enable higher rate limits and faster downloads.
`torch_dtype` is deprecated! Use `dtype` instead!
Loading weights:   0%|          | 0/148 [00:00<?, ?it/s]Loading weights: 100%|██████████| 148/148 [00:00<00:00, 4065.42it/s]
hidden extraction 16/512
hidden extraction 32/512
hidden extraction 48/512
hidden extraction 64/512
hidden extraction 80/512
hidden extraction 96/512
hidden extraction 112/512
hidden extraction 128/512
hidden extraction 144/512
hidden extraction 160/512
hidden extraction 176/512
hidden extraction 192/512
hidden extraction 208/512
hidden extraction 224/512
hidden extraction 240/512
hidden extraction 256/512
hidden extraction 272/512
hidden extraction 288/512
hidden extraction 304/512
hidden extraction 320/512
hidden extraction 336/512
hidden extraction 352/512
hidden extraction 368/512
hidden extraction 384/512
hidden extraction 400/512
hidden extraction 416/512
hidden extraction 432/512
hidden extraction 448/512
hidden extraction 464/512
hidden extraction 480/512
hidden extraction 496/512
hidden extraction 512/512
{"elapsed_seconds": 4.034309387207031, "exact_candidate_unions": 10, "exact_sets": 10, "layer": 4, "max_observed_condition": 561.0997212114414, "max_true_score": 4.30728281674186e-07, "mean_candidate_union_excess": 0.0, "mean_candidate_union_recall": 1.0, "mean_candidate_union_size": 4.0, "mean_control_recall": 0.0, "mean_recall": 1.0, "min_false_score": 0.0699850951338766, "min_gap": 0.06998469542954541, "mix_condition": 1.0, "mixing": "orthogonal", "precision": "float32", "rank_max": 67, "rank_min": 67, "row_max": 67, "row_min": 67, "shield_fraction": 0.05, "shield_kind": "gaussian", "shield_scale": 10.0}
{"elapsed_seconds": 3.6760668754577637, "exact_candidate_unions": 10, "exact_sets": 10, "layer": 4, "max_observed_condition": 148236999.8876512, "max_true_score": 3.1333644134714152e-06, "mean_candidate_union_excess": 0.0, "mean_candidate_union_recall": 1.0, "mean_candidate_union_size": 4.0, "mean_control_recall": 0.0, "mean_recall": 1.0, "min_false_score": 0.24213761157330627, "min_gap": 0.2421344782088928, "mix_condition": 50.0, "mixing": "non_orthogonal", "precision": "float32", "rank_max": 67, "rank_min": 67, "row_max": 67, "row_min": 67, "shield_fraction": 0.05, "shield_kind": "gaussian", "shield_scale": 10.0}
{"elapsed_seconds": 3.516960620880127, "exact_candidate_unions": 10, "exact_sets": 10, "layer": 4, "max_observed_condition": 2228.3064186122065, "max_true_score": 0.04149113661387341, "mean_candidate_union_excess": 0.0, "mean_candidate_union_recall": 1.0, "mean_candidate_union_size": 4.0, "mean_control_recall": 0.0, "mean_recall": 1.0, "min_false_score": 0.17142495481116107, "min_gap": 0.15873149689916588, "mix_condition": 1.0, "mixing": "orthogonal", "precision": "bfloat16", "rank_max": 71, "rank_min": 71, "row_max": 71, "row_min": 71, "shield_fraction": 0.12, "shield_kind": "gaussian", "shield_scale": 25.0}
{"elapsed_seconds": 4.512991666793823, "exact_candidate_unions": 10, "exact_sets": 10, "layer": 4, "max_observed_condition": 3206.991470326101, "max_true_score": 0.19146900881925, "mean_candidate_union_excess": 0.0, "mean_candidate_union_recall": 1.0, "mean_candidate_union_size": 4.0, "mean_control_recall": 0.0, "mean_recall": 1.0, "min_false_score": 0.2278400411143506, "min_gap": 0.07420043872928472, "mix_condition": 50.0, "mixing": "non_orthogonal", "precision": "bfloat16", "rank_max": 71, "rank_min": 71, "row_max": 71, "row_min": 71, "shield_fraction": 0.12, "shield_kind": "gaussian", "shield_scale": 25.0}
{"elapsed_seconds": 3.351602554321289, "exact_candidate_unions": 1, "exact_sets": 10, "layer": 4, "max_observed_condition": 259796239.51247898, "max_true_score": 5.197033477526648e-07, "mean_candidate_union_excess": 1.0, "mean_candidate_union_recall": 0.8200000000000001, "mean_candidate_union_size": 5.0, "mean_control_recall": 0.0, "mean_recall": 1.0, "min_false_score": 0.15233620356151606, "min_gap": 0.15233582750591954, "mix_condition": 1.0, "mixing": "orthogonal", "precision": "float32", "rank_max": 67, "rank_min": 67, "row_max": 67, "row_min": 67, "shield_fraction": 0.05, "shield_kind": "manifold", "shield_scale": 10.0}
{"elapsed_seconds": 4.023202657699585, "exact_candidate_unions": 10, "exact_sets": 7, "layer": 4, "max_observed_condition": 19585.484500599967, "max_true_score": 0.172260396559253, "mean_candidate_union_excess": 1.0, "mean_candidate_union_recall": 1.0, "mean_candidate_union_size": 5.0, "mean_control_recall": 0.0, "mean_recall": 0.925, "min_false_score": 0.11973167449676965, "min_gap": -0.047731367734052024, "mix_condition": 50.0, "mixing": "non_orthogonal", "precision": "bfloat16", "rank_max": 72, "rank_min": 72, "row_max": 72, "row_min": 72, "shield_fraction": 0.14, "shield_kind": "manifold", "shield_scale": 30.0}
{"elapsed_seconds": 3.210420846939087, "exact_candidate_unions": 10, "exact_sets": 10, "layer": 8, "max_observed_condition": 200525842.6015816, "max_true_score": 3.939173212129525e-07, "mean_candidate_union_excess": 0.0, "mean_candidate_union_recall": 1.0, "mean_candidate_union_size": 4.0, "mean_control_recall": 0.0, "mean_recall": 1.0, "min_false_score": 0.27657757385358145, "min_gap": 0.2765773486014681, "mix_condition": 1.0, "mixing": "orthogonal", "precision": "float32", "rank_max": 67, "rank_min": 67, "row_max": 67, "row_min": 67, "shield_fraction": 0.05, "shield_kind": "gaussian", "shield_scale": 10.0}
{"elapsed_seconds": 3.703481435775757, "exact_candidate_unions": 10, "exact_sets": 10, "layer": 8, "max_observed_condition": 4134.873328189139, "max_true_score": 3.5961356174716213e-06, "mean_candidate_union_excess": 0.0, "mean_candidate_union_recall": 1.0, "mean_candidate_union_size": 4.0, "mean_control_recall": 0.05, "mean_recall": 1.0, "min_false_score": 0.24647437963145025, "min_gap": 0.2464729145292095, "mix_condition": 50.0, "mixing": "non_orthogonal", "precision": "float32", "rank_max": 67, "rank_min": 67, "row_max": 67, "row_min": 67, "shield_fraction": 0.05, "shield_kind": "gaussian", "shield_scale": 10.0}
{"elapsed_seconds": 3.695343017578125, "exact_candidate_unions": 10, "exact_sets": 10, "layer": 8, "max_observed_condition": 497.07054480287155, "max_true_score": 0.027749650930138654, "mean_candidate_union_excess": 0.0, "mean_candidate_union_recall": 1.0, "mean_candidate_union_size": 4.0, "mean_control_recall": 0.0, "mean_recall": 1.0, "min_false_score": 0.2260997313174325, "min_gap": 0.2092919138713275, "mix_condition": 1.0, "mixing": "orthogonal", "precision": "bfloat16", "rank_max": 71, "rank_min": 71, "row_max": 71, "row_min": 71, "shield_fraction": 0.12, "shield_kind": "gaussian", "shield_scale": 25.0}
{"elapsed_seconds": 4.920546770095825, "exact_candidate_unions": 10, "exact_sets": 10, "layer": 8, "max_observed_condition": 3127.392223568674, "max_true_score": 0.16688774877979706, "mean_candidate_union_excess": 0.0, "mean_candidate_union_recall": 1.0, "mean_candidate_union_size": 4.0, "mean_control_recall": 0.0, "mean_recall": 1.0, "min_false_score": 0.13971441293569387, "min_gap": 0.06173897951229258, "mix_condition": 50.0, "mixing": "non_orthogonal", "precision": "bfloat16", "rank_max": 71, "rank_min": 71, "row_max": 71, "row_min": 71, "shield_fraction": 0.12, "shield_kind": "gaussian", "shield_scale": 25.0}
{"elapsed_seconds": 3.5080246925354004, "exact_candidate_unions": 5, "exact_sets": 10, "layer": 8, "max_observed_condition": 121843927.86276266, "max_true_score": 3.4533058969695475e-07, "mean_candidate_union_excess": 1.0, "mean_candidate_union_recall": 0.9, "mean_candidate_union_size": 5.0, "mean_control_recall": 0.0, "mean_recall": 1.0, "min_false_score": 0.22234760054846966, "min_gap": 0.22234734569377443, "mix_condition": 1.0, "mixing": "orthogonal", "precision": "float32", "rank_max": 67, "rank_min": 67, "row_max": 67, "row_min": 67, "shield_fraction": 0.05, "shield_kind": "manifold", "shield_scale": 10.0}
{"elapsed_seconds": 4.910100221633911, "exact_candidate_unions": 10, "exact_sets": 10, "layer": 8, "max_observed_condition": 37634.42791326437, "max_true_score": 0.1623058696975334, "mean_candidate_union_excess": 1.0, "mean_candidate_union_recall": 1.0, "mean_candidate_union_size": 5.0, "mean_control_recall": 0.025, "mean_recall": 1.0, "min_false_score": 0.1841740453888175, "min_gap": 0.03531129204578917, "mix_condition": 50.0, "mixing": "non_orthogonal", "precision": "bfloat16", "rank_max": 72, "rank_min": 72, "row_max": 72, "row_min": 72, "shield_fraction": 0.14, "shield_kind": "manifold", "shield_scale": 30.0}
{"elapsed_seconds": 3.524571657180786, "exact_candidate_unions": 10, "exact_sets": 10, "layer": 12, "max_observed_condition": 1201.5178687547736, "max_true_score": 9.626482543453041e-08, "mean_candidate_union_excess": 0.0, "mean_candidate_union_recall": 1.0, "mean_candidate_union_size": 4.0, "mean_control_recall": 0.0, "mean_recall": 1.0, "min_false_score": 0.010044721484846562, "min_gap": 0.010044632447909676, "mix_condition": 1.0, "mixing": "orthogonal", "precision": "float32", "rank_max": 67, "rank_min": 67, "row_max": 67, "row_min": 67, "shield_fraction": 0.05, "shield_kind": "gaussian", "shield_scale": 10.0}
{"elapsed_seconds": 4.346024036407471, "exact_candidate_unions": 10, "exact_sets": 10, "layer": 12, "max_observed_condition": 180753633.5746744, "max_true_score": 6.652980665747737e-07, "mean_candidate_union_excess": 0.0, "mean_candidate_union_recall": 1.0, "mean_candidate_union_size": 4.0, "mean_control_recall": 0.025, "mean_recall": 1.0, "min_false_score": 0.023332902056855516, "min_gap": 0.023332259902660114, "mix_condition": 50.0, "mixing": "non_orthogonal", "precision": "float32", "rank_max": 67, "rank_min": 67, "row_max": 67, "row_min": 67, "shield_fraction": 0.05, "shield_kind": "gaussian", "shield_scale": 10.0}
{"elapsed_seconds": 3.9888341426849365, "exact_candidate_unions": 10, "exact_sets": 10, "layer": 12, "max_observed_condition": 2082.1333850437745, "max_true_score": 0.015446299826886372, "mean_candidate_union_excess": 0.0, "mean_candidate_union_recall": 1.0, "mean_candidate_union_size": 4.0, "mean_control_recall": 0.0, "mean_recall": 1.0, "min_false_score": 0.02736705425485606, "min_gap": 0.013703089338498333, "mix_condition": 1.0, "mixing": "orthogonal", "precision": "bfloat16", "rank_max": 71, "rank_min": 71, "row_max": 71, "row_min": 71, "shield_fraction": 0.12, "shield_kind": "gaussian", "shield_scale": 25.0}
{"elapsed_seconds": 4.663524627685547, "exact_candidate_unions": 10, "exact_sets": 10, "layer": 12, "max_observed_condition": 4332.006372840975, "max_true_score": 0.039299465933002785, "mean_candidate_union_excess": 0.0, "mean_candidate_union_recall": 1.0, "mean_candidate_union_size": 4.0, "mean_control_recall": 0.0, "mean_recall": 1.0, "min_false_score": 0.03444299545362185, "min_gap": 0.0007670807072995278, "mix_condition": 50.0, "mixing": "non_orthogonal", "precision": "bfloat16", "rank_max": 71, "rank_min": 71, "row_max": 71, "row_min": 71, "shield_fraction": 0.12, "shield_kind": "gaussian", "shield_scale": 25.0}
{"elapsed_seconds": 3.5067694187164307, "exact_candidate_unions": 1, "exact_sets": 10, "layer": 12, "max_observed_condition": 1305622722.8472369, "max_true_score": 4.2315669917748244e-08, "mean_candidate_union_excess": 1.0, "mean_candidate_union_recall": 0.8200000000000001, "mean_candidate_union_size": 5.0, "mean_control_recall": 0.0, "mean_recall": 1.0, "min_false_score": 0.00966193460264274, "min_gap": 0.009661892286972822, "mix_condition": 1.0, "mixing": "orthogonal", "precision": "float32", "rank_max": 67, "rank_min": 67, "row_max": 67, "row_min": 67, "shield_fraction": 0.05, "shield_kind": "manifold", "shield_scale": 10.0}
{"elapsed_seconds": 4.0686845779418945, "exact_candidate_unions": 10, "exact_sets": 10, "layer": 12, "max_observed_condition": 48602.201112804636, "max_true_score": 0.013290941313440599, "mean_candidate_union_excess": 1.0, "mean_candidate_union_recall": 1.0, "mean_candidate_union_size": 5.0, "mean_control_recall": 0.025, "mean_recall": 1.0, "min_false_score": 0.013729287350217494, "min_gap": 0.002344386501377152, "mix_condition": 50.0, "mixing": "non_orthogonal", "precision": "bfloat16", "rank_max": 72, "rank_min": 72, "row_max": 72, "row_min": 72, "shield_fraction": 0.14, "shield_kind": "manifold", "shield_scale": 30.0}
wrote outputs/invariant_obfuscation/gelo_official_dataset_gpt2_512x32_10trial_20260802.json
