Loading CIFAR-10...
C:\Users\CS615\AppData\Local\Packages\PythonSoftwareFoundation.Python.3.12_qbz5n2kfra8p0\LocalCache\local-packages\Python312\site-packages\torchvision\datasets\cifar.py:83: VisibleDeprecationWarning: dtype(): align should be passed as Python or NumPy boolean but got `align=0`. Did you mean to pass a tuple to create a subarray type? (Deprecated NumPy 2.4)
  entry = pickle.load(f, encoding="latin1")
Config: {
  "architecture": "ResNet-20",
  "dataset": "CIFAR-10",
  "n_models": 20,
  "n_epochs": 10,
  "optimizer": "SGD",
  "lr": 0.1,
  "momentum": 0.9,
  "weight_decay": 0.0001,
  "lr_schedule": "MultiStepLR",
  "milestones": [
    5,
    8
  ],
  "lr_gamma": 0.1,
  "batch_size": 128
}
C:\Users\CS615\AppData\Local\Packages\PythonSoftwareFoundation.Python.3.12_qbz5n2kfra8p0\LocalCache\local-packages\Python312\site-packages\torchvision\datasets\cifar.py:83: VisibleDeprecationWarning: dtype(): align should be passed as Python or NumPy boolean but got `align=0`. Did you mean to pass a tuple to create a subarray type? (Deprecated NumPy 2.4)
  entry = pickle.load(f, encoding="latin1")
Traceback (most recent call last):
  File "<string>", line 1, in <module>
  File "C:\Program Files\WindowsApps\PythonSoftwareFoundation.Python.3.12_3.12.2800.0_x64__qbz5n2kfra8p0\Lib\multiprocessing\spawn.py", line 122, in spawn_main
    exitcode = _main(fd, parent_sentinel)
               ^^^^^^^^^^^^^^^^^^^^^^^^^^
  File "C:\Program Files\WindowsApps\PythonSoftwareFoundation.Python.3.12_3.12.2800.0_x64__qbz5n2kfra8p0\Lib\multiprocessing\spawn.py", line 131, in _main
    prepare(preparation_data)
  File "C:\Program Files\WindowsApps\PythonSoftwareFoundation.Python.3.12_3.12.2800.0_x64__qbz5n2kfra8p0\Lib\multiprocessing\spawn.py", line 246, in prepare
    _fixup_main_from_path(data['init_main_from_path'])
  File "C:\Program Files\WindowsApps\PythonSoftwareFoundation.Python.3.12_3.12.2800.0_x64__qbz5n2kfra8p0\Lib\multiprocessing\spawn.py", line 297, in _fixup_main_from_path
    main_content = runpy.run_path(main_path,
                   ^^^^^^^^^^^^^^^^^^^^^^^^^
  File "<frozen runpy>", line 287, in run_path
  File "<frozen runpy>", line 98, in _run_module_code
  File "<frozen runpy>", line 88, in _run_code
  File "C:\Users\CS615\Dropbox\¾Û\Overleaf\P050-Impossibility of Permutation-Based Model Confidentiality\Current\experiments\scripts\00_train_cifar.py", line 85, in <module>
    acc, hist = train_one(seed)
                ^^^^^^^^^^^^^^^
  File "C:\Users\CS615\Dropbox\¾Û\Overleaf\P050-Impossibility of Permutation-Based Model Confidentiality\Current\experiments\scripts\00_train_cifar.py", line 54, in train_one
    for inputs, targets in loader:
                           ^^^^^^
  File "C:\Users\CS615\AppData\Local\Packages\PythonSoftwareFoundation.Python.3.12_qbz5n2kfra8p0\LocalCache\local-packages\Python312\site-packages\torch\utils\data\dataloader.py", line 500, in __iter__
    return self._get_iterator()
           ^^^^^^^^^^^^^^^^^^^^
  File "C:\Users\CS615\AppData\Local\Packages\PythonSoftwareFoundation.Python.3.12_qbz5n2kfra8p0\LocalCache\local-packages\Python312\site-packages\torch\utils\data\dataloader.py", line 433, in _get_iterator
    return _MultiProcessingDataLoaderIter(self)
           ^^^^^^^^^^^^^^^^^^^^^^^^^^^^^^^^^^^^
  File "C:\Users\CS615\AppData\Local\Packages\PythonSoftwareFoundation.Python.3.12_qbz5n2kfra8p0\LocalCache\local-packages\Python312\site-packages\torch\utils\data\dataloader.py", line 1192, in __init__
    w.start()
  File "C:\Program Files\WindowsApps\PythonSoftwareFoundation.Python.3.12_3.12.2800.0_x64__qbz5n2kfra8p0\Lib\multiprocessing\process.py", line 121, in start
    self._popen = self._Popen(self)
                  ^^^^^^^^^^^^^^^^^
  File "C:\Program Files\WindowsApps\PythonSoftwareFoundation.Python.3.12_3.12.2800.0_x64__qbz5n2kfra8p0\Lib\multiprocessing\context.py", line 224, in _Popen
    return _default_context.get_context().Process._Popen(process_obj)
           ^^^^^^^^^^^^^^^^^^^^^^^^^^^^^^^^^^^^^^^^^^^^^^^^^^^^^^^^^^
  File "C:\Program Files\WindowsApps\PythonSoftwareFoundation.Python.3.12_3.12.2800.0_x64__qbz5n2kfra8p0\Lib\multiprocessing\context.py", line 337, in _Popen
    return Popen(process_obj)
           ^^^^^^^^^^^^^^^^^^
  File "C:\Program Files\WindowsApps\PythonSoftwareFoundation.Python.3.12_3.12.2800.0_x64__qbz5n2kfra8p0\Lib\multiprocessing\popen_spawn_win32.py", line 46, in __init__
    prep_data = spawn.get_preparation_data(process_obj._name)
                ^^^^^^^^^^^^^^^^^^^^^^^^^^^^^^^^^^^^^^^^^^^^^
  File "C:\Program Files\WindowsApps\PythonSoftwareFoundation.Python.3.12_3.12.2800.0_x64__qbz5n2kfra8p0\Lib\multiprocessing\spawn.py", line 164, in get_preparation_data
    _check_not_importing_main()
  File "C:\Program Files\WindowsApps\PythonSoftwareFoundation.Python.3.12_3.12.2800.0_x64__qbz5n2kfra8p0\Lib\multiprocessing\spawn.py", line 140, in _check_not_importing_main
    raise RuntimeError('''
RuntimeError: 
        An attempt has been made to start a new process before the
        current process has finished its bootstrapping phase.

        This probably means that you are not using fork to start your
        child processes and you have forgotten to use the proper idiom
        in the main module:

            if __name__ == '__main__':
                freeze_support()
                ...

        The "freeze_support()" line can be omitted if the program
        is not going to be frozen to produce an executable.

        To fix this issue, refer to the "Safe importing of main module"
        section in https://docs.python.org/3/library/multiprocessing.html
        
Loading CIFAR-10...
Config: {
  "architecture": "ResNet-20",
  "dataset": "CIFAR-10",
  "n_models": 20,
  "n_epochs": 10,
  "optimizer": "SGD",
  "lr": 0.1,
  "momentum": 0.9,
  "weight_decay": 0.0001,
  "lr_schedule": "MultiStepLR",
  "milestones": [
    5,
    8
  ],
  "lr_gamma": 0.1,
  "batch_size": 128
}
