======================================================================
JOTA: ResNet-50 lineage detection (Imagenette fine-tune)
OUTPUT_DIR=/output
======================================================================
[preflight] all required files present
======================================================================
Exp 32 (JOTA): ImageNet-scale ResNet-50 lineage detection
Device: cuda
======================================================================
Dataset: 500 images (Imagenette val subset, real ImageNet-1K labels)
Loading ResNet-50 V1/V2...
Fine-tuning V1 on Imagenette...
  fine-tune epoch 1/2: loss=0.7530
  fine-tune epoch 2/2: loss=0.0758

Extracting fingerprints...

[4-bit]
  ||phi(V1)-phi(V2)||    = 1104.851208
  ||phi(V1)-phi(V1_ft)|| = 1.704720
  ||phi(V2)-phi(V1_ft)|| = 1104.339556
  ratio (non-lin/lin)    = 647.8x
  nearest parent         = V1

[8-bit]
  ||phi(V1)-phi(V2)||    = 1106.427843
  ||phi(V1)-phi(V1_ft)|| = 1.383492
  ||phi(V2)-phi(V1_ft)|| = 1106.076655
  ratio (non-lin/lin)    = 799.5x
  nearest parent         = V1

[12-bit]
  ||phi(V1)-phi(V2)||    = 1106.495608
  ||phi(V1)-phi(V1_ft)|| = 1.316084
  ||phi(V2)-phi(V1_ft)|| = 1106.154898
  ratio (non-lin/lin)    = 840.5x
  nearest parent         = V1

JSON written: /output/imagenet_lineage_r50.json
======================================================================
ALL IMAGENET LINEAGE EXPERIMENTS COMPLETE
======================================================================
[done] wall=18.4s rc=0
OUTPUT: /output/imagenet_lineage_r50.json  (774 bytes)
