======================================================================
Exp 33: Privacy-Utility Tradeoff (ImageNet-scale ResNet-50)
Dataset: ImageNette (10-class ImageNet subset)
Device: cpu
======================================================================
Validation set: 3925 images, 10 classes
Computing clean outputs...
Clean top-1 accuracy (real Imagenette->ImageNet labels): 84.5%

======================================================================
Attack Error by Layer and Noise Multiplier (8-bit)
======================================================================
Layer                                 1x       10x      100x     1000x     5000x
--------------------------------------------------------------------------------
conv1 (64x147)                         0  1.30e-02  9.45e-02  1.43e+00  8.00e+00
layer2.0.conv1 (128x256)               0  1.02e-02  1.18e-01  1.67e+00  8.79e+00
layer3.0.conv1 (256x512)               0  1.12e-02  1.20e-01  1.77e+00  9.26e+00
layer4.0.conv1 (512x1024)              0  9.84e-03  1.46e-01  1.86e+00  9.55e+00

======================================================================
Prediction Agreement and Top-1 Accuracy Under Output Noise
N_TRIALS = 100, Dataset = ImageNette validation (3925 images)
======================================================================
    Mult  Atk err (conv1)    Pred. agr.    Top-1 acc.
-------------------------------------------------------
      1x                0        100.0%         84.5%
     10x         1.29e-02         99.9%         84.5%
    100x         9.44e-02         99.2%         84.6%
   1000x         1.45e+00         92.4%         83.5%
   5000x         8.12e+00         62.0%         60.0%

======================================================================
TRADEOFF EXPERIMENT COMPLETE
======================================================================
