=== CIFAR-10 logit stealing with spectral priors ===
device=cpu
{
  "teacher_path": "models/resnet20_seed0.pt",
  "teacher_logits_source": "quantized",
  "data_root": "data",
  "query_budget": 2000,
  "subset_mode": "random",
  "subset_seed": 20260409,
  "batch_size": 128,
  "student_epochs": 10,
  "student_lr": 0.05,
  "momentum": 0.9,
  "weight_decay": 0.0001,
  "temperature": 4.0,
  "reg_lambda": 5.0,
  "distill_seeds": 10,
  "precision": 256,
  "prior_scope": "all",
  "output_path": "outputs/cifar_kd_q2000_e10_s10_quantized_random.json"
}
[teacher] loaded models/resnet20_seed0.pt (logits=quantized): test_acc=82.92%
[queries] cached exact teacher logits for 2000 unlabeled images
[spectra] using 21 conv layers (all)
  conv1                shape=(16, 27) std=0.3937 mean_col_norm=1.5116
  layer1.0.conv1       shape=(16, 144) std=0.1506 mean_col_norm=0.5615
  layer1.0.conv2       shape=(16, 144) std=0.1419 mean_col_norm=0.5439
  layer1.1.conv1       shape=(16, 144) std=0.1266 mean_col_norm=0.4800
  layer1.1.conv2       shape=(16, 144) std=0.1169 mean_col_norm=0.4524
  layer1.2.conv1       shape=(16, 144) std=0.1096 mean_col_norm=0.4255
  ...
[baseline] seed=0 epoch 01/10: kd=9.2747, reg=0.000000, test_acc=10.79%
[baseline] seed=0 epoch 02/10: kd=7.5160, reg=0.000000, test_acc=12.60%
[baseline] seed=0 epoch 03/10: kd=6.9251, reg=0.000000, test_acc=20.92%
[baseline] seed=0 epoch 04/10: kd=6.7090, reg=0.000000, test_acc=27.64%
[baseline] seed=0 epoch 05/10: kd=6.1842, reg=0.000000, test_acc=28.65%
[baseline] seed=0 epoch 06/10: kd=5.6466, reg=0.000000, test_acc=31.10%
[baseline] seed=0 epoch 07/10: kd=5.3037, reg=0.000000, test_acc=31.62%
[baseline] seed=0 epoch 08/10: kd=4.9620, reg=0.000000, test_acc=38.77%
[baseline] seed=0 epoch 09/10: kd=4.6103, reg=0.000000, test_acc=39.63%
[baseline] seed=0 epoch 10/10: kd=4.4234, reg=0.000000, test_acc=41.08%
[baseline] seed=1 epoch 01/10: kd=8.9860, reg=0.000000, test_acc=10.12%
[baseline] seed=1 epoch 02/10: kd=7.6556, reg=0.000000, test_acc=10.56%
[baseline] seed=1 epoch 03/10: kd=7.0939, reg=0.000000, test_acc=22.75%
[baseline] seed=1 epoch 04/10: kd=6.5667, reg=0.000000, test_acc=27.63%
[baseline] seed=1 epoch 05/10: kd=6.0898, reg=0.000000, test_acc=30.75%
[baseline] seed=1 epoch 06/10: kd=5.7160, reg=0.000000, test_acc=34.13%
[baseline] seed=1 epoch 07/10: kd=5.2907, reg=0.000000, test_acc=35.86%
[baseline] seed=1 epoch 08/10: kd=5.0491, reg=0.000000, test_acc=37.84%
[baseline] seed=1 epoch 09/10: kd=4.7579, reg=0.000000, test_acc=39.47%
[baseline] seed=1 epoch 10/10: kd=4.5551, reg=0.000000, test_acc=40.04%
[baseline] seed=2 epoch 01/10: kd=9.2826, reg=0.000000, test_acc=8.74%
[baseline] seed=2 epoch 02/10: kd=7.6576, reg=0.000000, test_acc=11.59%
[baseline] seed=2 epoch 03/10: kd=6.7676, reg=0.000000, test_acc=26.45%
[baseline] seed=2 epoch 04/10: kd=6.2515, reg=0.000000, test_acc=29.31%
[baseline] seed=2 epoch 05/10: kd=5.7070, reg=0.000000, test_acc=35.45%
[baseline] seed=2 epoch 06/10: kd=5.2632, reg=0.000000, test_acc=33.50%
[baseline] seed=2 epoch 07/10: kd=4.9932, reg=0.000000, test_acc=36.21%
[baseline] seed=2 epoch 08/10: kd=4.7313, reg=0.000000, test_acc=39.53%
[baseline] seed=2 epoch 09/10: kd=4.4924, reg=0.000000, test_acc=40.91%
[baseline] seed=2 epoch 10/10: kd=4.1811, reg=0.000000, test_acc=41.70%
[baseline] seed=3 epoch 01/10: kd=9.0515, reg=0.000000, test_acc=10.00%
[baseline] seed=3 epoch 02/10: kd=7.2530, reg=0.000000, test_acc=11.40%
[baseline] seed=3 epoch 03/10: kd=6.6802, reg=0.000000, test_acc=24.00%
[baseline] seed=3 epoch 04/10: kd=6.2372, reg=0.000000, test_acc=30.51%
[baseline] seed=3 epoch 05/10: kd=5.9190, reg=0.000000, test_acc=29.34%
[baseline] seed=3 epoch 06/10: kd=5.4489, reg=0.000000, test_acc=30.65%
[baseline] seed=3 epoch 07/10: kd=5.0621, reg=0.000000, test_acc=32.84%
[baseline] seed=3 epoch 08/10: kd=4.7352, reg=0.000000, test_acc=37.30%
[baseline] seed=3 epoch 09/10: kd=4.4441, reg=0.000000, test_acc=38.96%
[baseline] seed=3 epoch 10/10: kd=4.2021, reg=0.000000, test_acc=41.88%
[baseline] seed=4 epoch 01/10: kd=9.1972, reg=0.000000, test_acc=10.02%
[baseline] seed=4 epoch 02/10: kd=7.4914, reg=0.000000, test_acc=11.70%
[baseline] seed=4 epoch 03/10: kd=6.8080, reg=0.000000, test_acc=25.02%
[baseline] seed=4 epoch 04/10: kd=6.4124, reg=0.000000, test_acc=29.35%
[baseline] seed=4 epoch 05/10: kd=6.0098, reg=0.000000, test_acc=32.81%
[baseline] seed=4 epoch 06/10: kd=5.5542, reg=0.000000, test_acc=34.43%
[baseline] seed=4 epoch 07/10: kd=5.1512, reg=0.000000, test_acc=35.76%
[baseline] seed=4 epoch 08/10: kd=4.9134, reg=0.000000, test_acc=36.60%
[baseline] seed=4 epoch 09/10: kd=4.5866, reg=0.000000, test_acc=36.71%
[baseline] seed=4 epoch 10/10: kd=4.4049, reg=0.000000, test_acc=38.78%
[baseline] seed=5 epoch 01/10: kd=9.0187, reg=0.000000, test_acc=7.28%
[baseline] seed=5 epoch 02/10: kd=7.3817, reg=0.000000, test_acc=15.92%
[baseline] seed=5 epoch 03/10: kd=6.9343, reg=0.000000, test_acc=23.21%
[baseline] seed=5 epoch 04/10: kd=6.5257, reg=0.000000, test_acc=26.89%
[baseline] seed=5 epoch 05/10: kd=6.0236, reg=0.000000, test_acc=29.42%
[baseline] seed=5 epoch 06/10: kd=5.6468, reg=0.000000, test_acc=34.72%
[baseline] seed=5 epoch 07/10: kd=5.3588, reg=0.000000, test_acc=34.66%
[baseline] seed=5 epoch 08/10: kd=5.1698, reg=0.000000, test_acc=36.77%
[baseline] seed=5 epoch 09/10: kd=4.8360, reg=0.000000, test_acc=37.75%
[baseline] seed=5 epoch 10/10: kd=4.6529, reg=0.000000, test_acc=39.39%
[baseline] seed=6 epoch 01/10: kd=8.9919, reg=0.000000, test_acc=9.89%
[baseline] seed=6 epoch 02/10: kd=7.1156, reg=0.000000, test_acc=12.73%
[baseline] seed=6 epoch 03/10: kd=6.5193, reg=0.000000, test_acc=20.72%
[baseline] seed=6 epoch 04/10: kd=5.9003, reg=0.000000, test_acc=33.81%
[baseline] seed=6 epoch 05/10: kd=5.6309, reg=0.000000, test_acc=36.99%
[baseline] seed=6 epoch 06/10: kd=5.1920, reg=0.000000, test_acc=34.81%
[baseline] seed=6 epoch 07/10: kd=4.8154, reg=0.000000, test_acc=36.15%
[baseline] seed=6 epoch 08/10: kd=4.3288, reg=0.000000, test_acc=39.06%
[baseline] seed=6 epoch 09/10: kd=4.1040, reg=0.000000, test_acc=41.77%
[baseline] seed=6 epoch 10/10: kd=3.9299, reg=0.000000, test_acc=42.56%
[baseline] seed=7 epoch 01/10: kd=9.0151, reg=0.000000, test_acc=10.36%
[baseline] seed=7 epoch 02/10: kd=7.2187, reg=0.000000, test_acc=19.01%
[baseline] seed=7 epoch 03/10: kd=6.5889, reg=0.000000, test_acc=18.60%
[baseline] seed=7 epoch 04/10: kd=6.2250, reg=0.000000, test_acc=28.13%
[baseline] seed=7 epoch 05/10: kd=5.6973, reg=0.000000, test_acc=32.89%
[baseline] seed=7 epoch 06/10: kd=5.3625, reg=0.000000, test_acc=37.16%
[baseline] seed=7 epoch 07/10: kd=4.9088, reg=0.000000, test_acc=35.89%
[baseline] seed=7 epoch 08/10: kd=4.5960, reg=0.000000, test_acc=39.40%
[baseline] seed=7 epoch 09/10: kd=4.2797, reg=0.000000, test_acc=40.58%
[baseline] seed=7 epoch 10/10: kd=4.0851, reg=0.000000, test_acc=41.33%
[baseline] seed=8 epoch 01/10: kd=8.7816, reg=0.000000, test_acc=10.12%
[baseline] seed=8 epoch 02/10: kd=7.1539, reg=0.000000, test_acc=15.92%
[baseline] seed=8 epoch 03/10: kd=6.5951, reg=0.000000, test_acc=28.81%
[baseline] seed=8 epoch 04/10: kd=6.3445, reg=0.000000, test_acc=26.28%
[baseline] seed=8 epoch 05/10: kd=6.0633, reg=0.000000, test_acc=34.86%
[baseline] seed=8 epoch 06/10: kd=5.5940, reg=0.000000, test_acc=33.97%
[baseline] seed=8 epoch 07/10: kd=5.1845, reg=0.000000, test_acc=31.94%
[baseline] seed=8 epoch 08/10: kd=4.8519, reg=0.000000, test_acc=34.07%
[baseline] seed=8 epoch 09/10: kd=4.5104, reg=0.000000, test_acc=38.38%
[baseline] seed=8 epoch 10/10: kd=4.3549, reg=0.000000, test_acc=40.21%
[baseline] seed=9 epoch 01/10: kd=9.0709, reg=0.000000, test_acc=14.79%
[baseline] seed=9 epoch 02/10: kd=7.1490, reg=0.000000, test_acc=14.53%
[baseline] seed=9 epoch 03/10: kd=6.2883, reg=0.000000, test_acc=22.41%
[baseline] seed=9 epoch 04/10: kd=5.8596, reg=0.000000, test_acc=26.53%
[baseline] seed=9 epoch 05/10: kd=5.3244, reg=0.000000, test_acc=36.55%
[baseline] seed=9 epoch 06/10: kd=4.8649, reg=0.000000, test_acc=37.73%
[baseline] seed=9 epoch 07/10: kd=4.4694, reg=0.000000, test_acc=40.23%
[baseline] seed=9 epoch 08/10: kd=4.0698, reg=0.000000, test_acc=42.60%
[baseline] seed=9 epoch 09/10: kd=3.7924, reg=0.000000, test_acc=43.40%
[baseline] seed=9 epoch 10/10: kd=3.6428, reg=0.000000, test_acc=45.25%
[ours] seed=0 epoch 01/10: kd=9.0174, reg=0.000026, test_acc=10.14%
[ours] seed=0 epoch 02/10: kd=6.9396, reg=0.000489, test_acc=18.61%
[ours] seed=0 epoch 03/10: kd=6.0900, reg=0.001218, test_acc=29.52%
[ours] seed=0 epoch 04/10: kd=5.6391, reg=0.001596, test_acc=17.22%
[ours] seed=0 epoch 05/10: kd=5.0648, reg=0.001853, test_acc=35.99%
[ours] seed=0 epoch 06/10: kd=4.3574, reg=0.002027, test_acc=35.21%
[ours] seed=0 epoch 07/10: kd=3.8459, reg=0.002107, test_acc=36.38%
[ours] seed=0 epoch 08/10: kd=3.3129, reg=0.002154, test_acc=44.61%
[ours] seed=0 epoch 09/10: kd=2.9151, reg=0.002144, test_acc=47.07%
[ours] seed=0 epoch 10/10: kd=2.6668, reg=0.002140, test_acc=48.50%
[ours] seed=1 epoch 01/10: kd=8.9701, reg=0.000025, test_acc=10.20%
[ours] seed=1 epoch 02/10: kd=7.3082, reg=0.000385, test_acc=12.09%
[ours] seed=1 epoch 03/10: kd=6.3772, reg=0.001080, test_acc=25.00%
[ours] seed=1 epoch 04/10: kd=5.7720, reg=0.001509, test_acc=29.92%
[ours] seed=1 epoch 05/10: kd=5.1812, reg=0.001738, test_acc=29.67%
[ours] seed=1 epoch 06/10: kd=4.5492, reg=0.001856, test_acc=37.94%
[ours] seed=1 epoch 07/10: kd=3.9309, reg=0.001916, test_acc=41.07%
[ours] seed=1 epoch 08/10: kd=3.4159, reg=0.001930, test_acc=40.45%
[ours] seed=1 epoch 09/10: kd=3.1210, reg=0.001920, test_acc=46.22%
[ours] seed=1 epoch 10/10: kd=2.8147, reg=0.001908, test_acc=49.36%
[ours] seed=2 epoch 01/10: kd=9.2343, reg=0.000024, test_acc=19.08%
[ours] seed=2 epoch 02/10: kd=7.7382, reg=0.000582, test_acc=10.36%
[ours] seed=2 epoch 03/10: kd=6.3279, reg=0.002907, test_acc=23.62%
[ours] seed=2 epoch 04/10: kd=5.6530, reg=0.004430, test_acc=26.61%
[ours] seed=2 epoch 05/10: kd=4.9323, reg=0.004898, test_acc=37.21%
[ours] seed=2 epoch 06/10: kd=4.2875, reg=0.004862, test_acc=32.51%
[ours] seed=2 epoch 07/10: kd=3.8026, reg=0.004771, test_acc=40.94%
[ours] seed=2 epoch 08/10: kd=3.3728, reg=0.004660, test_acc=47.90%
[ours] seed=2 epoch 09/10: kd=3.0789, reg=0.004590, test_acc=49.20%
[ours] seed=2 epoch 10/10: kd=2.8422, reg=0.004556, test_acc=49.86%
[ours] seed=3 epoch 01/10: kd=9.0359, reg=0.000021, test_acc=21.51%
[ours] seed=3 epoch 02/10: kd=7.5685, reg=0.000605, test_acc=15.66%
[ours] seed=3 epoch 03/10: kd=6.3107, reg=0.002163, test_acc=20.84%
[ours] seed=3 epoch 04/10: kd=5.4684, reg=0.003047, test_acc=34.46%
[ours] seed=3 epoch 05/10: kd=4.7384, reg=0.003272, test_acc=40.62%
[ours] seed=3 epoch 06/10: kd=4.1564, reg=0.003322, test_acc=41.04%
[ours] seed=3 epoch 07/10: kd=3.6552, reg=0.003348, test_acc=41.73%
[ours] seed=3 epoch 08/10: kd=3.2423, reg=0.003370, test_acc=46.37%
[ours] seed=3 epoch 09/10: kd=2.8767, reg=0.003345, test_acc=48.91%
[ours] seed=3 epoch 10/10: kd=2.6593, reg=0.003332, test_acc=49.97%
[ours] seed=4 epoch 01/10: kd=8.7827, reg=0.000032, test_acc=10.02%
[ours] seed=4 epoch 02/10: kd=7.1608, reg=0.000804, test_acc=11.19%
[ours] seed=4 epoch 03/10: kd=6.0816, reg=0.002217, test_acc=27.00%
[ours] seed=4 epoch 04/10: kd=5.5106, reg=0.002739, test_acc=23.95%
[ours] seed=4 epoch 05/10: kd=4.8730, reg=0.002948, test_acc=32.20%
[ours] seed=4 epoch 06/10: kd=4.3728, reg=0.003086, test_acc=41.28%
[ours] seed=4 epoch 07/10: kd=3.5914, reg=0.003089, test_acc=42.28%
[ours] seed=4 epoch 08/10: kd=3.2968, reg=0.003051, test_acc=44.14%
[ours] seed=4 epoch 09/10: kd=2.9056, reg=0.003003, test_acc=48.11%
[ours] seed=4 epoch 10/10: kd=2.7313, reg=0.002984, test_acc=49.45%
[ours] seed=5 epoch 01/10: kd=8.9514, reg=0.000029, test_acc=13.26%
[ours] seed=5 epoch 02/10: kd=6.9671, reg=0.000568, test_acc=18.29%
[ours] seed=5 epoch 03/10: kd=6.3450, reg=0.001523, test_acc=28.00%
[ours] seed=5 epoch 04/10: kd=5.5850, reg=0.002092, test_acc=27.83%
[ours] seed=5 epoch 05/10: kd=4.7555, reg=0.002305, test_acc=39.74%
[ours] seed=5 epoch 06/10: kd=4.1612, reg=0.002343, test_acc=39.70%
[ours] seed=5 epoch 07/10: kd=3.7385, reg=0.002355, test_acc=41.78%
[ours] seed=5 epoch 08/10: kd=3.3897, reg=0.002361, test_acc=44.97%
[ours] seed=5 epoch 09/10: kd=2.9514, reg=0.002359, test_acc=45.53%
[ours] seed=5 epoch 10/10: kd=2.7515, reg=0.002352, test_acc=48.42%
[ours] seed=6 epoch 01/10: kd=8.8543, reg=0.000023, test_acc=15.49%
[ours] seed=6 epoch 02/10: kd=6.9434, reg=0.000470, test_acc=16.65%
[ours] seed=6 epoch 03/10: kd=6.2189, reg=0.001390, test_acc=22.98%
[ours] seed=6 epoch 04/10: kd=5.5831, reg=0.001975, test_acc=35.16%
[ours] seed=6 epoch 05/10: kd=5.0360, reg=0.002214, test_acc=35.89%
[ours] seed=6 epoch 06/10: kd=4.4999, reg=0.002281, test_acc=39.92%
[ours] seed=6 epoch 07/10: kd=3.9712, reg=0.002312, test_acc=42.04%
[ours] seed=6 epoch 08/10: kd=3.4972, reg=0.002300, test_acc=44.18%
[ours] seed=6 epoch 09/10: kd=3.2375, reg=0.002288, test_acc=46.90%
[ours] seed=6 epoch 10/10: kd=3.0112, reg=0.002269, test_acc=47.49%
[ours] seed=7 epoch 01/10: kd=9.0334, reg=0.000021, test_acc=11.54%
[ours] seed=7 epoch 02/10: kd=7.2396, reg=0.000561, test_acc=11.06%
[ours] seed=7 epoch 03/10: kd=6.2804, reg=0.001858, test_acc=30.39%
[ours] seed=7 epoch 04/10: kd=5.5271, reg=0.002592, test_acc=30.95%
[ours] seed=7 epoch 05/10: kd=4.8810, reg=0.002768, test_acc=24.45%
[ours] seed=7 epoch 06/10: kd=4.5483, reg=0.002864, test_acc=41.35%
[ours] seed=7 epoch 07/10: kd=3.8358, reg=0.002845, test_acc=42.47%
[ours] seed=7 epoch 08/10: kd=3.5118, reg=0.002817, test_acc=44.68%
[ours] seed=7 epoch 09/10: kd=3.1219, reg=0.002791, test_acc=47.36%
[ours] seed=7 epoch 10/10: kd=2.9667, reg=0.002778, test_acc=47.76%
[ours] seed=8 epoch 01/10: kd=8.8005, reg=0.000035, test_acc=10.05%
[ours] seed=8 epoch 02/10: kd=7.2012, reg=0.000893, test_acc=14.69%
[ours] seed=8 epoch 03/10: kd=6.4140, reg=0.002409, test_acc=27.47%
[ours] seed=8 epoch 04/10: kd=5.9597, reg=0.003043, test_acc=31.98%
[ours] seed=8 epoch 05/10: kd=5.4123, reg=0.003159, test_acc=35.53%
[ours] seed=8 epoch 06/10: kd=4.9815, reg=0.003134, test_acc=40.56%
[ours] seed=8 epoch 07/10: kd=4.5561, reg=0.003123, test_acc=38.89%
[ours] seed=8 epoch 08/10: kd=4.0552, reg=0.003078, test_acc=40.89%
[ours] seed=8 epoch 09/10: kd=3.6444, reg=0.003055, test_acc=43.02%
[ours] seed=8 epoch 10/10: kd=3.4362, reg=0.003037, test_acc=44.54%
[ours] seed=9 epoch 01/10: kd=9.3278, reg=0.000022, test_acc=17.79%
[ours] seed=9 epoch 02/10: kd=7.1185, reg=0.000812, test_acc=17.61%
[ours] seed=9 epoch 03/10: kd=6.1307, reg=0.002284, test_acc=21.17%
[ours] seed=9 epoch 04/10: kd=5.5947, reg=0.003011, test_acc=31.26%
[ours] seed=9 epoch 05/10: kd=5.1115, reg=0.003250, test_acc=40.16%
[ours] seed=9 epoch 06/10: kd=4.2917, reg=0.003324, test_acc=38.19%
[ours] seed=9 epoch 07/10: kd=3.7524, reg=0.003310, test_acc=40.85%
[ours] seed=9 epoch 08/10: kd=3.3028, reg=0.003266, test_acc=46.17%
[ours] seed=9 epoch 09/10: kd=2.9871, reg=0.003235, test_acc=48.99%
[ours] seed=9 epoch 10/10: kd=2.8278, reg=0.003215, test_acc=50.22%

=== Summary ===
Teacher test accuracy: 82.92%
baseline final: 41.22% +- 1.74 (seeds=[41.08, 40.04, 41.7, 41.88, 38.78, 39.39, 42.56, 41.33, 40.21, 45.25])
  epoch 1: 10.21% +- 1.80
  epoch 2: 13.60% +- 2.54
  epoch 3: 23.29% +- 2.82
  epoch 4: 28.61% +- 2.16
  epoch 5: 32.77% +- 2.96
  epoch 6: 34.22% +- 2.11
  epoch 7: 35.12% +- 2.40
  epoch 8: 38.19% +- 2.15
  epoch 9: 39.76% +- 1.88
  epoch 10: 41.22% +- 1.74
ours     final: 48.56% +- 1.61 (seeds=[48.5, 49.36, 49.86, 49.97, 49.45, 48.42, 47.49, 47.76, 44.54, 50.22])
  epoch 1: 13.91% +- 4.08
  epoch 2: 14.62% +- 3.04
  epoch 3: 25.60% +- 3.21
  epoch 4: 28.93% +- 5.08
  epoch 5: 35.15% +- 4.85
  epoch 6: 38.77% +- 2.76
  epoch 7: 40.84% +- 1.78
  epoch 8: 44.44% +- 2.18
  epoch 9: 47.13% +- 1.80
  epoch 10: 48.56% +- 1.61
Improvement (ours - baseline): 7.34 points
Saved JSON summary to outputs/cifar_kd_q2000_e10_s10_quantized_random.json
