======================================================================
JOTA: ResNet-50 per-layer noise tradeoff (Imagenette)
HERE=/workspace
OUTPUT_DIR=/output
SCRIPT=/workspace/scripts/33b_r50_imagenette_per_layer.py
WEIGHTS=/workspace/models/resnet50_fp16.pt
DATA_ROOT=/workspace/data
======================================================================
[preflight] all required files present; runtime is offline-safe
======================================================================
[run] per-layer sweep
      /opt/conda/bin/python -u /workspace/scripts/33b_r50_imagenette_per_layer.py --weights-path /workspace/models/resnet50_fp16.pt --data-root /workspace/data --output-path /output/imagenette_per_layer_r50_full_sweep_n20.json --precision 256 --n-trials 20 --noise-mults 1,10,20,30,50,70,100,200,500,1000 --batch-size 64
[init] device=cuda
[model] loaded ResNet-50 from /workspace/models/resnet50_fp16.pt
[data] test tensor shape=(500, 3, 224, 224) batch=64
[baseline] clean top-1 accuracy (real Imagenette→ImageNet labels): 82.20%
[hooks] 53 Conv2d layers targeted
[sweep] noise_mults=[1, 10, 20, 30, 50, 70, 100, 200, 500, 1000] n_trials=20
    Mult        AtkErr           PredAgr           Top1Acc
      1x      0.00e+00     99.54±0.21%     82.10±0.26%
     10x      1.29e-02     97.74±0.58%     81.90±0.29%
     20x      2.27e-02     93.26±1.13%     80.53±0.67%
     30x      3.22e-02     86.41±0.82%     77.06±0.69%
     50x      4.93e-02     36.56±0.99%     33.63±0.88%
     70x      6.67e-02      0.73±0.24%      0.36±0.21%
    100x      9.43e-02      0.00±0.00%      0.00±0.00%
    200x      2.09e-01      0.00±0.00%      0.00±0.00%
    500x      6.43e-01      0.00±0.00%      0.00±0.00%
   1000x      1.45e+00      0.00±0.00%      0.00±0.00%
[done] wrote /output/imagenette_per_layer_r50_full_sweep_n20.json wall=120.4s
[done] per-layer wall=133.2s rc=0
======================================================================
RESULTS WRITTEN:
  /output/imagenette_per_layer_r50_full_sweep_n20.json  (12478 bytes)
======================================================================
